// Vitest Snapshot v1, https://vitest.dev/guide/snapshot.html

exports[`SPageLogout Snapshot > handles when user is logged in correctly 1`] = `
"<div><button type="button" class="rounded-[calc(var(--ui-radius)*1.5)] font-medium inline-flex items-center focus:outline-hidden disabled:cursor-not-allowed aria-disabled:cursor-not-allowed disabled:opacity-75 aria-disabled:opacity-75 transition-colors px-2.5 py-1.5 text-sm gap-1.5 text-(--ui-bg) bg-(--ui-primary) hover:bg-(--ui-primary)/75 disabled:bg-(--ui-primary) aria-disabled:bg-(--ui-primary) focus-visible:outline-2 focus-visible:outline-offset-2 focus-visible:outline-(--ui-primary)">
    <!--v-if--> Sign Out
    <!--v-if-->
  </button></div>"
`;

exports[`SPageLogout Snapshot > handles when user is not logged in correctly 1`] = `
"<div><button type="button" class="rounded-[calc(var(--ui-radius)*1.5)] font-medium inline-flex items-center focus:outline-hidden disabled:cursor-not-allowed aria-disabled:cursor-not-allowed disabled:opacity-75 aria-disabled:opacity-75 transition-colors px-2.5 py-1.5 text-sm gap-1.5 text-(--ui-bg) bg-(--ui-primary) hover:bg-(--ui-primary)/75 disabled:bg-(--ui-primary) aria-disabled:bg-(--ui-primary) focus-visible:outline-2 focus-visible:outline-offset-2 focus-visible:outline-(--ui-primary)">
    <!--v-if--> Sign Out
    <!--v-if-->
  </button></div>"
`;
