// Vitest Snapshot v1, https://vitest.dev/guide/snapshot.html

exports[`SPageSongCollection Snapshot > renders with defaults correctly 1`] = `
"<div class="container py-20">
  <h1 class="py-10">Songs</h1>
  <div class="mt-2 grid grid-cols-1 gap-2 md:grid-cols-2 xl:grid-cols-2">
    <div><a href="/songs/song-1/" aria-label="song name">Song 1 - <span>Artist One <!--v-if--></span></a></div>
    <div><a href="/songs/song-2/" aria-label="song name">Song 2 - <span>Artist Two <!--v-if--></span></a></div>
  </div>
  <div class="my-20 flex w-full justify-center">
    <nav aria-label="pagination">
      <div class="flex items-center gap-1"><button type="button" disabled="" aria-label="First Page" class="rounded-[calc(var(--ui-radius)*1.5)] font-medium inline-flex items-center focus:outline-hidden disabled:cursor-not-allowed aria-disabled:cursor-not-allowed disabled:opacity-75 aria-disabled:opacity-75 transition-colors text-sm gap-1.5 ring ring-inset ring-(--ui-border-accented) text-(--ui-text) bg-(--ui-bg) hover:bg-(--ui-bg-elevated) disabled:bg-(--ui-bg) aria-disabled:bg-(--ui-bg) focus-visible:ring-2 focus-visible:ring-(--ui-border-inverted) p-1.5"><span class="iconify i-lucide:chevrons-left shrink-0 size-5" aria-hidden="true"></span>
          <!--v-if-->
          <!--v-if-->
        </button><button type="button" disabled="" aria-label="Previous Page" class="rounded-[calc(var(--ui-radius)*1.5)] font-medium inline-flex items-center focus:outline-hidden disabled:cursor-not-allowed aria-disabled:cursor-not-allowed disabled:opacity-75 aria-disabled:opacity-75 transition-colors text-sm gap-1.5 ring ring-inset ring-(--ui-border-accented) text-(--ui-text) bg-(--ui-bg) hover:bg-(--ui-bg-elevated) disabled:bg-(--ui-bg) aria-disabled:bg-(--ui-bg) focus-visible:ring-2 focus-visible:ring-(--ui-border-inverted) p-1.5"><span class="iconify i-lucide:chevron-left shrink-0 size-5" aria-hidden="true"></span>
          <!--v-if-->
          <!--v-if-->
        </button><button type="button" data-type="page" aria-label="Page 1" aria-current="page" data-selected="true" class="rounded-[calc(var(--ui-radius)*1.5)] font-medium inline-flex items-center focus:outline-hidden disabled:cursor-not-allowed aria-disabled:cursor-not-allowed disabled:opacity-75 aria-disabled:opacity-75 transition-colors text-sm gap-1.5 text-(--ui-bg) bg-(--ui-primary) hover:bg-(--ui-primary)/75 disabled:bg-(--ui-primary) aria-disabled:bg-(--ui-primary) focus-visible:outline-2 focus-visible:outline-offset-2 focus-visible:outline-(--ui-primary) p-1.5" value="1">
          <!--v-if--><span class="truncate min-w-5 text-center">1</span>
          <!--v-if-->
        </button><button type="button" disabled="" aria-label="Next Page" class="rounded-[calc(var(--ui-radius)*1.5)] font-medium inline-flex items-center focus:outline-hidden disabled:cursor-not-allowed aria-disabled:cursor-not-allowed disabled:opacity-75 aria-disabled:opacity-75 transition-colors text-sm gap-1.5 ring ring-inset ring-(--ui-border-accented) text-(--ui-text) bg-(--ui-bg) hover:bg-(--ui-bg-elevated) disabled:bg-(--ui-bg) aria-disabled:bg-(--ui-bg) focus-visible:ring-2 focus-visible:ring-(--ui-border-inverted) p-1.5"><span class="iconify i-lucide:chevron-right shrink-0 size-5" aria-hidden="true"></span>
          <!--v-if-->
          <!--v-if-->
        </button><button type="button" disabled="" aria-label="Last Page" class="rounded-[calc(var(--ui-radius)*1.5)] font-medium inline-flex items-center focus:outline-hidden disabled:cursor-not-allowed aria-disabled:cursor-not-allowed disabled:opacity-75 aria-disabled:opacity-75 transition-colors text-sm gap-1.5 ring ring-inset ring-(--ui-border-accented) text-(--ui-text) bg-(--ui-bg) hover:bg-(--ui-bg-elevated) disabled:bg-(--ui-bg) aria-disabled:bg-(--ui-bg) focus-visible:ring-2 focus-visible:ring-(--ui-border-inverted) p-1.5"><span class="iconify i-lucide:chevrons-right shrink-0 size-5" aria-hidden="true"></span>
          <!--v-if-->
          <!--v-if-->
        </button></div>
    </nav>
  </div>
</div>"
`;
