// Vitest Snapshot v1, https://vitest.dev/guide/snapshot.html

exports[`CompanyCard Snapshot > renders company with expanded content correctly (with auth) 1`] = `
"<div class="rounded-lg bg-default divide-y divide-default flex flex-col divide-dashed transition-all ring-secondary-400 hover:ring-secondary-300 dark:ring-secondary-600 dark:hover:ring-secondary-500 ring-2 lg:col-span-2">
  <!--v-if-->
  <div class="p-5 sm:p-5 flex-grow">
    <div class="flex flex-col gap-4">
      <div class="flex flex-row gap-4">
        <div class="bg-muted size-auto rounded-sm border border-(--ui-border)"><span class="inline-flex items-center justify-center shrink-0 select-none overflow-hidden align-middle bg-elevated size-12 text-2xl rounded-sm"><img width="48" height="48" data-nuxt-img="" srcset="https://expanded.example.com/screenshot.png 1x, https://expanded.example.com/screenshot.png 2x" role="img" class="h-full w-full rounded-[inherit] object-cover" src="https://expanded.example.com/screenshot.png"></span></div>
        <div class="flex flex-1 items-center gap-x-2">
          <h2 class="text-dark text-xl font-semibold"><a href="/products/expanded/reviews/" class="transition-all hover:underline">Expanded Co.</a></h2><a href="https://expanded.example.com" rel="noopener noreferrer" target="_blank" class="rounded-md font-medium inline-flex items-center disabled:cursor-not-allowed aria-disabled:cursor-not-allowed disabled:opacity-75 aria-disabled:opacity-75 transition-colors px-2.5 py-1.5 text-xs gap-1.5 ring ring-inset ring-accented text-default bg-default hover:bg-elevated disabled:bg-default aria-disabled:bg-default focus:outline-none focus-visible:ring-2 focus-visible:ring-inverted ml-auto">
            <!--v-if--><span class="truncate">Website</span><span class="iconify i-lucide:external-link shrink-0 size-4" aria-hidden="true"></span>
          </a>
        </div>
      </div>
      <div class="flex flex-col gap-4">
        <p class="text-muted text-sm">Expanded content goes here.</p>
        <!--v-if-->
      </div>
    </div>
  </div>
  <div class="p-4 px-5 py-4 sm:px-5 bg-gray-50 dark:bg-black/10 rounded-b-lg">
    <div class="flex flex-row items-center gap-3">
      <div class="relative inline-flex -space-x-px" module="company"><button type="button" class="rounded-md font-medium inline-flex items-center disabled:cursor-not-allowed aria-disabled:cursor-not-allowed disabled:opacity-75 aria-disabled:opacity-75 transition-colors not-only:first:rounded-e-none not-only:last:rounded-s-none not-last:not-first:rounded-none focus-visible:z-[1] text-xs gap-1.5 ring ring-inset ring-accented text-default bg-default hover:bg-elevated disabled:bg-default aria-disabled:bg-default focus:outline-none focus-visible:ring-2 focus-visible:ring-inverted p-1.5"><span class="iconify i-lucide:arrow-big-up shrink-0 size-4" aria-hidden="true"></span>
          <!--v-if-->
          <!--v-if-->
        </button><span class="font-medium inline-flex items-center not-only:first:rounded-e-none not-only:last:rounded-s-none not-last:not-first:rounded-none focus-visible:z-[1] gap-1 rounded-sm ring ring-inset ring-accented text-default bg-default p-1 w-8 justify-center text-sm"><!--v-if--><span class="truncate">NaN</span>
        <!--v-if--></span><button type="button" class="rounded-md font-medium inline-flex items-center disabled:cursor-not-allowed aria-disabled:cursor-not-allowed disabled:opacity-75 aria-disabled:opacity-75 transition-colors not-only:first:rounded-e-none not-only:last:rounded-s-none not-last:not-first:rounded-none focus-visible:z-[1] text-xs gap-1.5 ring ring-inset ring-accented text-default bg-default hover:bg-elevated disabled:bg-default aria-disabled:bg-default focus:outline-none focus-visible:ring-2 focus-visible:ring-inverted p-1.5"><span class="iconify i-lucide:arrow-big-down shrink-0 size-4" aria-hidden="true"></span>
          <!--v-if-->
          <!--v-if-->
        </button>
      </div><a href="https://expanded.example.com" rel="noopener noreferrer" target="_blank" class="rounded-md font-medium inline-flex items-center disabled:cursor-not-allowed aria-disabled:cursor-not-allowed disabled:opacity-75 aria-disabled:opacity-75 transition-colors text-xs gap-1.5 ring ring-inset ring-accented text-default bg-default hover:bg-elevated disabled:bg-default aria-disabled:bg-default focus:outline-none focus-visible:ring-2 focus-visible:ring-inverted p-1.5 ml-auto"><span class="iconify i-lucide:bookmark shrink-0 size-4" aria-hidden="true"></span>
        <!--v-if-->
        <!--v-if-->
      </a>
    </div>
  </div>
</div>"
`;

exports[`CompanyCard Snapshot > renders company with expanded content correctly (without auth) 1`] = `
"<div class="rounded-lg bg-default divide-y divide-default flex flex-col divide-dashed transition-all ring-secondary-400 hover:ring-secondary-300 dark:ring-secondary-600 dark:hover:ring-secondary-500 ring-2 lg:col-span-2">
  <!--v-if-->
  <div class="p-5 sm:p-5 flex-grow">
    <div class="flex flex-col gap-4">
      <div class="flex flex-row gap-4">
        <div class="bg-muted size-auto rounded-sm border border-(--ui-border)"><span class="inline-flex items-center justify-center shrink-0 select-none overflow-hidden align-middle bg-elevated size-12 text-2xl rounded-sm"><img width="48" height="48" data-nuxt-img="" srcset="https://expanded.example.com/screenshot.png 1x, https://expanded.example.com/screenshot.png 2x" role="img" class="h-full w-full rounded-[inherit] object-cover" src="https://expanded.example.com/screenshot.png"></span></div>
        <div class="flex flex-1 items-center gap-x-2">
          <h2 class="text-dark text-xl font-semibold"><a href="/products/expanded/reviews/" class="transition-all hover:underline">Expanded Co.</a></h2><a href="https://expanded.example.com" rel="noopener noreferrer" target="_blank" class="rounded-md font-medium inline-flex items-center disabled:cursor-not-allowed aria-disabled:cursor-not-allowed disabled:opacity-75 aria-disabled:opacity-75 transition-colors px-2.5 py-1.5 text-xs gap-1.5 ring ring-inset ring-accented text-default bg-default hover:bg-elevated disabled:bg-default aria-disabled:bg-default focus:outline-none focus-visible:ring-2 focus-visible:ring-inverted ml-auto">
            <!--v-if--><span class="truncate">Website</span><span class="iconify i-lucide:external-link shrink-0 size-4" aria-hidden="true"></span>
          </a>
        </div>
      </div>
      <div class="flex flex-col gap-4">
        <p class="text-muted text-sm">Expanded content goes here.</p>
        <!--v-if-->
      </div>
    </div>
  </div>
  <div class="p-4 px-5 py-4 sm:px-5 bg-gray-50 dark:bg-black/10 rounded-b-lg">
    <div class="flex flex-row items-center gap-3">
      <div class="relative inline-flex -space-x-px" module="company"><button type="button" class="rounded-md font-medium inline-flex items-center disabled:cursor-not-allowed aria-disabled:cursor-not-allowed disabled:opacity-75 aria-disabled:opacity-75 transition-colors not-only:first:rounded-e-none not-only:last:rounded-s-none not-last:not-first:rounded-none focus-visible:z-[1] text-xs gap-1.5 ring ring-inset ring-accented text-default bg-default hover:bg-elevated disabled:bg-default aria-disabled:bg-default focus:outline-none focus-visible:ring-2 focus-visible:ring-inverted p-1.5"><span class="iconify i-lucide:arrow-big-up shrink-0 size-4" aria-hidden="true"></span>
          <!--v-if-->
          <!--v-if-->
        </button><span class="font-medium inline-flex items-center not-only:first:rounded-e-none not-only:last:rounded-s-none not-last:not-first:rounded-none focus-visible:z-[1] gap-1 rounded-sm ring ring-inset ring-accented text-default bg-default p-1 w-8 justify-center text-sm"><!--v-if--><span class="truncate">NaN</span>
        <!--v-if--></span><button type="button" class="rounded-md font-medium inline-flex items-center disabled:cursor-not-allowed aria-disabled:cursor-not-allowed disabled:opacity-75 aria-disabled:opacity-75 transition-colors not-only:first:rounded-e-none not-only:last:rounded-s-none not-last:not-first:rounded-none focus-visible:z-[1] text-xs gap-1.5 ring ring-inset ring-accented text-default bg-default hover:bg-elevated disabled:bg-default aria-disabled:bg-default focus:outline-none focus-visible:ring-2 focus-visible:ring-inverted p-1.5"><span class="iconify i-lucide:arrow-big-down shrink-0 size-4" aria-hidden="true"></span>
          <!--v-if-->
          <!--v-if-->
        </button>
      </div><a href="https://expanded.example.com" rel="noopener noreferrer" target="_blank" class="rounded-md font-medium inline-flex items-center disabled:cursor-not-allowed aria-disabled:cursor-not-allowed disabled:opacity-75 aria-disabled:opacity-75 transition-colors text-xs gap-1.5 ring ring-inset ring-accented text-default bg-default hover:bg-elevated disabled:bg-default aria-disabled:bg-default focus:outline-none focus-visible:ring-2 focus-visible:ring-inverted p-1.5 ml-auto"><span class="iconify i-lucide:bookmark shrink-0 size-4" aria-hidden="true"></span>
        <!--v-if-->
        <!--v-if-->
      </a>
    </div>
  </div>
</div>"
`;

exports[`CompanyCard Snapshot > renders featured company with complete details correctly (with auth) 1`] = `
"<div class="rounded-lg bg-default divide-y divide-default flex flex-col divide-dashed transition-all ring-secondary-400 hover:ring-secondary-300 dark:ring-secondary-600 dark:hover:ring-secondary-500 ring-2 lg:col-span-2">
  <!--v-if-->
  <div class="p-5 sm:p-5 flex-grow">
    <div class="flex flex-col gap-4">
      <div class="flex flex-row gap-4">
        <div class="bg-muted size-auto rounded-sm border border-(--ui-border)"><span class="inline-flex items-center justify-center shrink-0 select-none overflow-hidden align-middle bg-elevated size-12 text-2xl rounded-sm"><img width="48" height="48" data-nuxt-img="" srcset="https://featured.example.com/logo.png 1x, https://featured.example.com/logo.png 2x" role="img" class="h-full w-full rounded-[inherit] object-cover" src="https://featured.example.com/logo.png"></span></div>
        <div class="flex flex-1 items-center gap-x-2">
          <h2 class="text-dark text-xl font-semibold"><a href="/products/featured/reviews/" class="transition-all hover:underline">Featured Co.</a></h2><a href="https://featured.example.com" rel="noopener noreferrer" target="_blank" class="rounded-md font-medium inline-flex items-center disabled:cursor-not-allowed aria-disabled:cursor-not-allowed disabled:opacity-75 aria-disabled:opacity-75 transition-colors px-2.5 py-1.5 text-xs gap-1.5 ring ring-inset ring-accented text-default bg-default hover:bg-elevated disabled:bg-default aria-disabled:bg-default focus:outline-none focus-visible:ring-2 focus-visible:ring-inverted ml-auto">
            <!--v-if--><span class="truncate">Website</span><span class="iconify i-lucide:external-link shrink-0 size-4" aria-hidden="true"></span>
          </a>
        </div>
      </div>
      <div class="flex flex-col gap-4">
        <p class="text-muted text-sm">This company is truly awesome and innovative.</p>
        <!--v-if-->
      </div>
    </div>
  </div>
  <div class="p-4 px-5 py-4 sm:px-5 bg-gray-50 dark:bg-black/10 rounded-b-lg">
    <div class="flex flex-row items-center gap-3">
      <div class="relative inline-flex -space-x-px" module="company"><button type="button" class="rounded-md font-medium inline-flex items-center disabled:cursor-not-allowed aria-disabled:cursor-not-allowed disabled:opacity-75 aria-disabled:opacity-75 transition-colors not-only:first:rounded-e-none not-only:last:rounded-s-none not-last:not-first:rounded-none focus-visible:z-[1] text-xs gap-1.5 ring ring-inset ring-accented text-default bg-default hover:bg-elevated disabled:bg-default aria-disabled:bg-default focus:outline-none focus-visible:ring-2 focus-visible:ring-inverted p-1.5"><span class="iconify i-lucide:arrow-big-up shrink-0 size-4" aria-hidden="true"></span>
          <!--v-if-->
          <!--v-if-->
        </button><span class="font-medium inline-flex items-center not-only:first:rounded-e-none not-only:last:rounded-s-none not-last:not-first:rounded-none focus-visible:z-[1] gap-1 rounded-sm ring ring-inset ring-accented text-default bg-default p-1 w-8 justify-center text-sm"><!--v-if--><span class="truncate">NaN</span>
        <!--v-if--></span><button type="button" class="rounded-md font-medium inline-flex items-center disabled:cursor-not-allowed aria-disabled:cursor-not-allowed disabled:opacity-75 aria-disabled:opacity-75 transition-colors not-only:first:rounded-e-none not-only:last:rounded-s-none not-last:not-first:rounded-none focus-visible:z-[1] text-xs gap-1.5 ring ring-inset ring-accented text-default bg-default hover:bg-elevated disabled:bg-default aria-disabled:bg-default focus:outline-none focus-visible:ring-2 focus-visible:ring-inverted p-1.5"><span class="iconify i-lucide:arrow-big-down shrink-0 size-4" aria-hidden="true"></span>
          <!--v-if-->
          <!--v-if-->
        </button>
      </div><a href="https://featured.example.com" rel="noopener noreferrer" target="_blank" class="rounded-md font-medium inline-flex items-center disabled:cursor-not-allowed aria-disabled:cursor-not-allowed disabled:opacity-75 aria-disabled:opacity-75 transition-colors text-xs gap-1.5 ring ring-inset ring-accented text-default bg-default hover:bg-elevated disabled:bg-default aria-disabled:bg-default focus:outline-none focus-visible:ring-2 focus-visible:ring-inverted p-1.5 ml-auto"><span class="iconify i-lucide:bookmark shrink-0 size-4" aria-hidden="true"></span>
        <!--v-if-->
        <!--v-if-->
      </a>
    </div>
  </div>
</div>"
`;

exports[`CompanyCard Snapshot > renders featured company with complete details correctly (without auth) 1`] = `
"<div class="rounded-lg bg-default divide-y divide-default flex flex-col divide-dashed transition-all ring-secondary-400 hover:ring-secondary-300 dark:ring-secondary-600 dark:hover:ring-secondary-500 ring-2 lg:col-span-2">
  <!--v-if-->
  <div class="p-5 sm:p-5 flex-grow">
    <div class="flex flex-col gap-4">
      <div class="flex flex-row gap-4">
        <div class="bg-muted size-auto rounded-sm border border-(--ui-border)"><span class="inline-flex items-center justify-center shrink-0 select-none overflow-hidden align-middle bg-elevated size-12 text-2xl rounded-sm"><img width="48" height="48" data-nuxt-img="" srcset="https://featured.example.com/logo.png 1x, https://featured.example.com/logo.png 2x" role="img" class="h-full w-full rounded-[inherit] object-cover" src="https://featured.example.com/logo.png"></span></div>
        <div class="flex flex-1 items-center gap-x-2">
          <h2 class="text-dark text-xl font-semibold"><a href="/products/featured/reviews/" class="transition-all hover:underline">Featured Co.</a></h2><a href="https://featured.example.com" rel="noopener noreferrer" target="_blank" class="rounded-md font-medium inline-flex items-center disabled:cursor-not-allowed aria-disabled:cursor-not-allowed disabled:opacity-75 aria-disabled:opacity-75 transition-colors px-2.5 py-1.5 text-xs gap-1.5 ring ring-inset ring-accented text-default bg-default hover:bg-elevated disabled:bg-default aria-disabled:bg-default focus:outline-none focus-visible:ring-2 focus-visible:ring-inverted ml-auto">
            <!--v-if--><span class="truncate">Website</span><span class="iconify i-lucide:external-link shrink-0 size-4" aria-hidden="true"></span>
          </a>
        </div>
      </div>
      <div class="flex flex-col gap-4">
        <p class="text-muted text-sm">This company is truly awesome and innovative.</p>
        <!--v-if-->
      </div>
    </div>
  </div>
  <div class="p-4 px-5 py-4 sm:px-5 bg-gray-50 dark:bg-black/10 rounded-b-lg">
    <div class="flex flex-row items-center gap-3">
      <div class="relative inline-flex -space-x-px" module="company"><button type="button" class="rounded-md font-medium inline-flex items-center disabled:cursor-not-allowed aria-disabled:cursor-not-allowed disabled:opacity-75 aria-disabled:opacity-75 transition-colors not-only:first:rounded-e-none not-only:last:rounded-s-none not-last:not-first:rounded-none focus-visible:z-[1] text-xs gap-1.5 ring ring-inset ring-accented text-default bg-default hover:bg-elevated disabled:bg-default aria-disabled:bg-default focus:outline-none focus-visible:ring-2 focus-visible:ring-inverted p-1.5"><span class="iconify i-lucide:arrow-big-up shrink-0 size-4" aria-hidden="true"></span>
          <!--v-if-->
          <!--v-if-->
        </button><span class="font-medium inline-flex items-center not-only:first:rounded-e-none not-only:last:rounded-s-none not-last:not-first:rounded-none focus-visible:z-[1] gap-1 rounded-sm ring ring-inset ring-accented text-default bg-default p-1 w-8 justify-center text-sm"><!--v-if--><span class="truncate">NaN</span>
        <!--v-if--></span><button type="button" class="rounded-md font-medium inline-flex items-center disabled:cursor-not-allowed aria-disabled:cursor-not-allowed disabled:opacity-75 aria-disabled:opacity-75 transition-colors not-only:first:rounded-e-none not-only:last:rounded-s-none not-last:not-first:rounded-none focus-visible:z-[1] text-xs gap-1.5 ring ring-inset ring-accented text-default bg-default hover:bg-elevated disabled:bg-default aria-disabled:bg-default focus:outline-none focus-visible:ring-2 focus-visible:ring-inverted p-1.5"><span class="iconify i-lucide:arrow-big-down shrink-0 size-4" aria-hidden="true"></span>
          <!--v-if-->
          <!--v-if-->
        </button>
      </div><a href="https://featured.example.com" rel="noopener noreferrer" target="_blank" class="rounded-md font-medium inline-flex items-center disabled:cursor-not-allowed aria-disabled:cursor-not-allowed disabled:opacity-75 aria-disabled:opacity-75 transition-colors text-xs gap-1.5 ring ring-inset ring-accented text-default bg-default hover:bg-elevated disabled:bg-default aria-disabled:bg-default focus:outline-none focus-visible:ring-2 focus-visible:ring-inverted p-1.5 ml-auto"><span class="iconify i-lucide:bookmark shrink-0 size-4" aria-hidden="true"></span>
        <!--v-if-->
        <!--v-if-->
      </a>
    </div>
  </div>
</div>"
`;

exports[`CompanyCard Snapshot > renders non-featured company correctly (with auth) 1`] = `
"<div class="rounded-lg bg-default ring ring-default divide-y divide-default flex flex-col divide-dashed transition-all hover:ring-(--ui-border-accented)">
  <!--v-if-->
  <div class="p-5 sm:p-5 flex-grow">
    <div class="flex flex-col gap-4">
      <div class="flex flex-row gap-4">
        <div class="bg-muted size-auto rounded-sm border border-(--ui-border)"><span class="inline-flex items-center justify-center shrink-0 select-none overflow-hidden align-middle bg-elevated size-12 text-2xl rounded-sm"><span class="iconify i-lucide:asterisk text-muted shrink-0" aria-hidden="true"></span></span></div>
        <div class="flex flex-1 items-center gap-x-2">
          <h2 class="text-dark text-xl font-semibold"><a href="/products/non-featured/reviews/" class="transition-all hover:underline">Non Featured Co.</a></h2><a href="https://nonfeatured.example.com" rel="noopener noreferrer" target="_blank" class="rounded-md font-medium inline-flex items-center disabled:cursor-not-allowed aria-disabled:cursor-not-allowed disabled:opacity-75 aria-disabled:opacity-75 transition-colors px-2.5 py-1.5 text-xs gap-1.5 ring ring-inset ring-accented text-default bg-default hover:bg-elevated disabled:bg-default aria-disabled:bg-default focus:outline-none focus-visible:ring-2 focus-visible:ring-inverted ml-auto">
            <!--v-if--><span class="truncate">Website</span><span class="iconify i-lucide:external-link shrink-0 size-4" aria-hidden="true"></span>
          </a>
        </div>
      </div>
      <div class="flex flex-col gap-4">
        <p class="text-muted text-sm"></p>
        <!--v-if-->
      </div>
    </div>
  </div>
  <div class="p-4 px-5 py-4 sm:px-5 bg-gray-50 dark:bg-black/10 rounded-b-lg">
    <div class="flex flex-row items-center gap-3">
      <div class="relative inline-flex -space-x-px" module="company"><button type="button" class="rounded-md font-medium inline-flex items-center disabled:cursor-not-allowed aria-disabled:cursor-not-allowed disabled:opacity-75 aria-disabled:opacity-75 transition-colors not-only:first:rounded-e-none not-only:last:rounded-s-none not-last:not-first:rounded-none focus-visible:z-[1] text-xs gap-1.5 ring ring-inset ring-accented text-default bg-default hover:bg-elevated disabled:bg-default aria-disabled:bg-default focus:outline-none focus-visible:ring-2 focus-visible:ring-inverted p-1.5"><span class="iconify i-lucide:arrow-big-up shrink-0 size-4" aria-hidden="true"></span>
          <!--v-if-->
          <!--v-if-->
        </button><span class="font-medium inline-flex items-center not-only:first:rounded-e-none not-only:last:rounded-s-none not-last:not-first:rounded-none focus-visible:z-[1] gap-1 rounded-sm ring ring-inset ring-accented text-default bg-default p-1 w-8 justify-center text-sm"><!--v-if--><span class="truncate">NaN</span>
        <!--v-if--></span><button type="button" class="rounded-md font-medium inline-flex items-center disabled:cursor-not-allowed aria-disabled:cursor-not-allowed disabled:opacity-75 aria-disabled:opacity-75 transition-colors not-only:first:rounded-e-none not-only:last:rounded-s-none not-last:not-first:rounded-none focus-visible:z-[1] text-xs gap-1.5 ring ring-inset ring-accented text-default bg-default hover:bg-elevated disabled:bg-default aria-disabled:bg-default focus:outline-none focus-visible:ring-2 focus-visible:ring-inverted p-1.5"><span class="iconify i-lucide:arrow-big-down shrink-0 size-4" aria-hidden="true"></span>
          <!--v-if-->
          <!--v-if-->
        </button>
      </div><a href="https://nonfeatured.example.com" rel="noopener noreferrer" target="_blank" class="rounded-md font-medium inline-flex items-center disabled:cursor-not-allowed aria-disabled:cursor-not-allowed disabled:opacity-75 aria-disabled:opacity-75 transition-colors text-xs gap-1.5 ring ring-inset ring-accented text-default bg-default hover:bg-elevated disabled:bg-default aria-disabled:bg-default focus:outline-none focus-visible:ring-2 focus-visible:ring-inverted p-1.5 ml-auto"><span class="iconify i-lucide:bookmark shrink-0 size-4" aria-hidden="true"></span>
        <!--v-if-->
        <!--v-if-->
      </a>
    </div>
  </div>
</div>"
`;

exports[`CompanyCard Snapshot > renders non-featured company correctly (without auth) 1`] = `
"<div class="rounded-lg bg-default ring ring-default divide-y divide-default flex flex-col divide-dashed transition-all hover:ring-(--ui-border-accented)">
  <!--v-if-->
  <div class="p-5 sm:p-5 flex-grow">
    <div class="flex flex-col gap-4">
      <div class="flex flex-row gap-4">
        <div class="bg-muted size-auto rounded-sm border border-(--ui-border)"><span class="inline-flex items-center justify-center shrink-0 select-none overflow-hidden align-middle bg-elevated size-12 text-2xl rounded-sm"><span class="iconify i-lucide:asterisk text-muted shrink-0" aria-hidden="true"></span></span></div>
        <div class="flex flex-1 items-center gap-x-2">
          <h2 class="text-dark text-xl font-semibold"><a href="/products/non-featured/reviews/" class="transition-all hover:underline">Non Featured Co.</a></h2><a href="https://nonfeatured.example.com" rel="noopener noreferrer" target="_blank" class="rounded-md font-medium inline-flex items-center disabled:cursor-not-allowed aria-disabled:cursor-not-allowed disabled:opacity-75 aria-disabled:opacity-75 transition-colors px-2.5 py-1.5 text-xs gap-1.5 ring ring-inset ring-accented text-default bg-default hover:bg-elevated disabled:bg-default aria-disabled:bg-default focus:outline-none focus-visible:ring-2 focus-visible:ring-inverted ml-auto">
            <!--v-if--><span class="truncate">Website</span><span class="iconify i-lucide:external-link shrink-0 size-4" aria-hidden="true"></span>
          </a>
        </div>
      </div>
      <div class="flex flex-col gap-4">
        <p class="text-muted text-sm"></p>
        <!--v-if-->
      </div>
    </div>
  </div>
  <div class="p-4 px-5 py-4 sm:px-5 bg-gray-50 dark:bg-black/10 rounded-b-lg">
    <div class="flex flex-row items-center gap-3">
      <div class="relative inline-flex -space-x-px" module="company"><button type="button" class="rounded-md font-medium inline-flex items-center disabled:cursor-not-allowed aria-disabled:cursor-not-allowed disabled:opacity-75 aria-disabled:opacity-75 transition-colors not-only:first:rounded-e-none not-only:last:rounded-s-none not-last:not-first:rounded-none focus-visible:z-[1] text-xs gap-1.5 ring ring-inset ring-accented text-default bg-default hover:bg-elevated disabled:bg-default aria-disabled:bg-default focus:outline-none focus-visible:ring-2 focus-visible:ring-inverted p-1.5"><span class="iconify i-lucide:arrow-big-up shrink-0 size-4" aria-hidden="true"></span>
          <!--v-if-->
          <!--v-if-->
        </button><span class="font-medium inline-flex items-center not-only:first:rounded-e-none not-only:last:rounded-s-none not-last:not-first:rounded-none focus-visible:z-[1] gap-1 rounded-sm ring ring-inset ring-accented text-default bg-default p-1 w-8 justify-center text-sm"><!--v-if--><span class="truncate">NaN</span>
        <!--v-if--></span><button type="button" class="rounded-md font-medium inline-flex items-center disabled:cursor-not-allowed aria-disabled:cursor-not-allowed disabled:opacity-75 aria-disabled:opacity-75 transition-colors not-only:first:rounded-e-none not-only:last:rounded-s-none not-last:not-first:rounded-none focus-visible:z-[1] text-xs gap-1.5 ring ring-inset ring-accented text-default bg-default hover:bg-elevated disabled:bg-default aria-disabled:bg-default focus:outline-none focus-visible:ring-2 focus-visible:ring-inverted p-1.5"><span class="iconify i-lucide:arrow-big-down shrink-0 size-4" aria-hidden="true"></span>
          <!--v-if-->
          <!--v-if-->
        </button>
      </div><a href="https://nonfeatured.example.com" rel="noopener noreferrer" target="_blank" class="rounded-md font-medium inline-flex items-center disabled:cursor-not-allowed aria-disabled:cursor-not-allowed disabled:opacity-75 aria-disabled:opacity-75 transition-colors text-xs gap-1.5 ring ring-inset ring-accented text-default bg-default hover:bg-elevated disabled:bg-default aria-disabled:bg-default focus:outline-none focus-visible:ring-2 focus-visible:ring-inverted p-1.5 ml-auto"><span class="iconify i-lucide:bookmark shrink-0 size-4" aria-hidden="true"></span>
        <!--v-if-->
        <!--v-if-->
      </a>
    </div>
  </div>
</div>"
`;
