// Vitest Snapshot v1, https://vitest.dev/guide/snapshot.html

exports[`MultipageHeader Snapshot > renders default rendering correctly 1`] = `
"<div serply_link="https://example.com">
  <header class="w-full bg-[var(--ui-bg)] transition-all duration-300 py-2 sm:py-4" style="z-index: 0;">
    <div class="mx-auto max-w-7xl px-4 sm:px-6 lg:px-8">
      <!-- When not scrolled: show the regular layout -->
      <div>
        <div class="flex flex-col items-center justify-between sm:flex-row">
          <!-- Logo and title section -->
          <div class="flex w-full items-start justify-between">
            <!--v-if-->
            <!-- Use flex-grow to allow this column to expand -->
            <div class="flex-grow">
              <h1 class="text-xl font-bold text-gray-900 sm:text-3xl dark:text-gray-100">Music Header</h1>
              <!-- <span class="text-xs text-gray-700 dark:text-gray-300">{{
                  oneLiner
                }}</span> -->
            </div>
          </div><!-- Action buttons -->
          <!-- Change w-full to w-auto or remove width entirely so it only takes up the space it needs -->
          <div class="flex flex-none flex-col items-center justify-end gap-3 pt-4 sm:flex-row sm:pt-0"><a rel="noopener noreferrer" target="_blank" class="flex h-[42px] w-auto items-center justify-center gap-2 rounded-md bg-black px-4 py-2 font-medium text-white transition-colors hover:bg-neutral-800 sm:w-auto dark:bg-white dark:text-black dark:hover:bg-neutral-200"> Visit Website <svg class="h-4 w-4" xmlns="http://www.w3.org/2000/svg" viewBox="0 0 24 24" fill="none" stroke="currentColor" stroke-width="2" stroke-linecap="round" stroke-linejoin="round">
                <path d="M18 13v6a2 2 0 0 1-2 2H5a2 2 0 0 1-2-2V8a2 2 0 0 1 2-2h6"></path>
                <polyline points="15 3 21 3 21 9"></polyline>
                <line x1="10" y1="14" x2="21" y2="3"></line>
              </svg></a></div>
        </div><!-- Navigation for non-scrolled state -->
        <div class="-mx-4 mt-4 overflow-x-auto px-4 sm:px-0">
          <nav aria-label="page sections" class="flex space-x-4 whitespace-nowrap"><a href="#home" class="sectionLinks flex-shrink-0 rounded-sm px-1 py-2 text-sm font-medium text-gray-900 transition-colors duration-200 hover:bg-gray-50 hover:text-gray-600 sm:px-2 sm:text-base dark:text-gray-100 dark:hover:bg-gray-800 dark:hover:text-gray-300">Home</a><a href="#about" class="sectionLinks flex-shrink-0 rounded-sm px-1 py-2 text-sm font-medium text-gray-900 transition-colors duration-200 hover:bg-gray-50 hover:text-gray-600 sm:px-2 sm:text-base dark:text-gray-100 dark:hover:bg-gray-800 dark:hover:text-gray-300">About</a><a href="#contact" class="sectionLinks flex-shrink-0 rounded-sm px-1 py-2 text-sm font-medium text-gray-900 transition-colors duration-200 hover:bg-gray-50 hover:text-gray-600 sm:px-2 sm:text-base dark:text-gray-100 dark:hover:bg-gray-800 dark:hover:text-gray-300">Contact</a></nav>
        </div>
      </div>
    </div>
  </header>
</div>"
`;

exports[`MultipageHeader Snapshot > renders with empty sections correctly 1`] = `
"<div serply_link="https://example.com">
  <header class="w-full bg-[var(--ui-bg)] transition-all duration-300 py-2 sm:py-4" style="z-index: 0;">
    <div class="mx-auto max-w-7xl px-4 sm:px-6 lg:px-8">
      <!-- When not scrolled: show the regular layout -->
      <div>
        <div class="flex flex-col items-center justify-between sm:flex-row">
          <!-- Logo and title section -->
          <div class="flex w-full items-start justify-between">
            <!--v-if-->
            <!-- Use flex-grow to allow this column to expand -->
            <div class="flex-grow">
              <h1 class="text-xl font-bold text-gray-900 sm:text-3xl dark:text-gray-100">Music Header</h1>
              <!-- <span class="text-xs text-gray-700 dark:text-gray-300">{{
                  oneLiner
                }}</span> -->
            </div>
          </div><!-- Action buttons -->
          <!-- Change w-full to w-auto or remove width entirely so it only takes up the space it needs -->
          <div class="flex flex-none flex-col items-center justify-end gap-3 pt-4 sm:flex-row sm:pt-0"><a rel="noopener noreferrer" target="_blank" class="flex h-[42px] w-auto items-center justify-center gap-2 rounded-md bg-black px-4 py-2 font-medium text-white transition-colors hover:bg-neutral-800 sm:w-auto dark:bg-white dark:text-black dark:hover:bg-neutral-200"> Visit Website <svg class="h-4 w-4" xmlns="http://www.w3.org/2000/svg" viewBox="0 0 24 24" fill="none" stroke="currentColor" stroke-width="2" stroke-linecap="round" stroke-linejoin="round">
                <path d="M18 13v6a2 2 0 0 1-2 2H5a2 2 0 0 1-2-2V8a2 2 0 0 1 2-2h6"></path>
                <polyline points="15 3 21 3 21 9"></polyline>
                <line x1="10" y1="14" x2="21" y2="3"></line>
              </svg></a></div>
        </div><!-- Navigation for non-scrolled state -->
        <div class="-mx-4 mt-4 overflow-x-auto px-4 sm:px-0">
          <nav aria-label="page sections" class="flex space-x-4 whitespace-nowrap"></nav>
        </div>
      </div>
    </div>
  </header>
</div>"
`;

exports[`MultipageHeader Snapshot > renders with oneLiner and image correctly 1`] = `
"<div serply_link="https://example.com">
  <header class="w-full bg-[var(--ui-bg)] transition-all duration-300 py-2 sm:py-4" style="z-index: 0;">
    <div class="mx-auto max-w-7xl px-4 sm:px-6 lg:px-8">
      <!-- When not scrolled: show the regular layout -->
      <div>
        <div class="flex flex-col items-center justify-between sm:flex-row">
          <!-- Logo and title section -->
          <div class="flex w-full items-start justify-between"><img alt="Music Header logo" data-nuxt-img="" srcset="https://example.com/logo.png 1x, https://example.com/logo.png 2x" class="mr-2 h-16 object-contain" src="https://example.com/logo.png"><!-- Use flex-grow to allow this column to expand -->
            <div class="flex-grow">
              <h1 class="text-xl font-bold text-gray-900 sm:text-3xl dark:text-gray-100">Music Header</h1>
              <!-- <span class="text-xs text-gray-700 dark:text-gray-300">{{
                  oneLiner
                }}</span> -->
            </div>
          </div><!-- Action buttons -->
          <!-- Change w-full to w-auto or remove width entirely so it only takes up the space it needs -->
          <div class="flex flex-none flex-col items-center justify-end gap-3 pt-4 sm:flex-row sm:pt-0"><a rel="noopener noreferrer" target="_blank" class="flex h-[42px] w-auto items-center justify-center gap-2 rounded-md bg-black px-4 py-2 font-medium text-white transition-colors hover:bg-neutral-800 sm:w-auto dark:bg-white dark:text-black dark:hover:bg-neutral-200"> Visit Website <svg class="h-4 w-4" xmlns="http://www.w3.org/2000/svg" viewBox="0 0 24 24" fill="none" stroke="currentColor" stroke-width="2" stroke-linecap="round" stroke-linejoin="round">
                <path d="M18 13v6a2 2 0 0 1-2 2H5a2 2 0 0 1-2-2V8a2 2 0 0 1 2-2h6"></path>
                <polyline points="15 3 21 3 21 9"></polyline>
                <line x1="10" y1="14" x2="21" y2="3"></line>
              </svg></a></div>
        </div><!-- Navigation for non-scrolled state -->
        <div class="-mx-4 mt-4 overflow-x-auto px-4 sm:px-0">
          <nav aria-label="page sections" class="flex space-x-4 whitespace-nowrap"><a href="#home" class="sectionLinks flex-shrink-0 rounded-sm px-1 py-2 text-sm font-medium text-gray-900 transition-colors duration-200 hover:bg-gray-50 hover:text-gray-600 sm:px-2 sm:text-base dark:text-gray-100 dark:hover:bg-gray-800 dark:hover:text-gray-300">Home</a><a href="#about" class="sectionLinks flex-shrink-0 rounded-sm px-1 py-2 text-sm font-medium text-gray-900 transition-colors duration-200 hover:bg-gray-50 hover:text-gray-600 sm:px-2 sm:text-base dark:text-gray-100 dark:hover:bg-gray-800 dark:hover:text-gray-300">About</a><a href="#contact" class="sectionLinks flex-shrink-0 rounded-sm px-1 py-2 text-sm font-medium text-gray-900 transition-colors duration-200 hover:bg-gray-50 hover:text-gray-600 sm:px-2 sm:text-base dark:text-gray-100 dark:hover:bg-gray-800 dark:hover:text-gray-300">Contact</a></nav>
        </div>
      </div>
    </div>
  </header>
</div>"
`;

exports[`MultipageHeader Snapshot > renders with upvote slot correctly 1`] = `
"<div serply_link="https://example.com">
  <header class="w-full bg-[var(--ui-bg)] transition-all duration-300 py-2 sm:py-4" style="z-index: 0;">
    <div class="mx-auto max-w-7xl px-4 sm:px-6 lg:px-8">
      <!-- When not scrolled: show the regular layout -->
      <div>
        <div class="flex flex-col items-center justify-between sm:flex-row">
          <!-- Logo and title section -->
          <div class="flex w-full items-start justify-between">
            <!--v-if-->
            <!-- Use flex-grow to allow this column to expand -->
            <div class="flex-grow">
              <h1 class="text-xl font-bold text-gray-900 sm:text-3xl dark:text-gray-100">Music Header</h1>
              <!-- <span class="text-xs text-gray-700 dark:text-gray-300">{{
                  oneLiner
                }}</span> -->
            </div>
          </div><!-- Action buttons -->
          <!-- Change w-full to w-auto or remove width entirely so it only takes up the space it needs -->
          <div class="flex flex-none flex-col items-center justify-end gap-3 pt-4 sm:flex-row sm:pt-0">&lt;button&gt;Upvote&lt;/button&gt;<a rel="noopener noreferrer" target="_blank" class="flex h-[42px] w-auto items-center justify-center gap-2 rounded-md bg-black px-4 py-2 font-medium text-white transition-colors hover:bg-neutral-800 sm:w-auto dark:bg-white dark:text-black dark:hover:bg-neutral-200"> Visit Website <svg class="h-4 w-4" xmlns="http://www.w3.org/2000/svg" viewBox="0 0 24 24" fill="none" stroke="currentColor" stroke-width="2" stroke-linecap="round" stroke-linejoin="round">
                <path d="M18 13v6a2 2 0 0 1-2 2H5a2 2 0 0 1-2-2V8a2 2 0 0 1 2-2h6"></path>
                <polyline points="15 3 21 3 21 9"></polyline>
                <line x1="10" y1="14" x2="21" y2="3"></line>
              </svg></a></div>
        </div><!-- Navigation for non-scrolled state -->
        <div class="-mx-4 mt-4 overflow-x-auto px-4 sm:px-0">
          <nav aria-label="page sections" class="flex space-x-4 whitespace-nowrap"><a href="#home" class="sectionLinks flex-shrink-0 rounded-sm px-1 py-2 text-sm font-medium text-gray-900 transition-colors duration-200 hover:bg-gray-50 hover:text-gray-600 sm:px-2 sm:text-base dark:text-gray-100 dark:hover:bg-gray-800 dark:hover:text-gray-300">Home</a><a href="#about" class="sectionLinks flex-shrink-0 rounded-sm px-1 py-2 text-sm font-medium text-gray-900 transition-colors duration-200 hover:bg-gray-50 hover:text-gray-600 sm:px-2 sm:text-base dark:text-gray-100 dark:hover:bg-gray-800 dark:hover:text-gray-300">About</a><a href="#contact" class="sectionLinks flex-shrink-0 rounded-sm px-1 py-2 text-sm font-medium text-gray-900 transition-colors duration-200 hover:bg-gray-50 hover:text-gray-600 sm:px-2 sm:text-base dark:text-gray-100 dark:hover:bg-gray-800 dark:hover:text-gray-300">Contact</a></nav>
        </div>
      </div>
    </div>
  </header>
</div>"
`;
