// Vitest Snapshot v1, https://vitest.dev/guide/snapshot.html

exports[`MultipageHeaderMusic Snapshot > renders default rendering correctly 1`] = `
"<div>
  <header class="bg-[var(--ui-bg)] py-2 sm:py-2">
    <div class="mx-auto max-w-7xl sm:px-6 lg:px-8">
      <!-- header top -->
      <div class="flex flex-col items-center justify-between sm:flex-row">
        <!-- image -->
        <div class="flex w-full items-start justify-between">
          <!--v-if-->
          <!-- name -->
          <div class="flex-grow">
            <h1 class="text-xl font-bold text-(--ui-primary) transition-all duration-300 sm:text-3xl">Music Header</h1><span class="text-xs"></span>
          </div>
        </div><!-- action buttons -->
        <div class="flex w-full flex-col items-center justify-end gap-3 pt-4 sm:flex-row sm:pt-0">
          <!-- upvote button slot -->
          <!-- visit website button --><a href="https://example.com" rel="noopener noreferrer" target="_blank" class="flex w-full items-center justify-center gap-2 rounded-full bg-black px-4 py-2 font-medium text-white transition-colors hover:bg-neutral-800 sm:w-auto dark:bg-white dark:text-black dark:hover:bg-neutral-200"> Listen Free <svg class="h-4 w-4" xmlns="http://www.w3.org/2000/svg" viewBox="0 0 24 24" fill="none" stroke="currentColor" stroke-width="2" stroke-linecap="round" stroke-linejoin="round">
              <path d="M18 13v6a2 2 0 0 1-2 2H5a2 2 0 0 1-2-2V8a2 2 0 0 1 2-2h6"></path>
              <polyline points="15 3 21 3 21 9"></polyline>
              <line x1="10" y1="14" x2="21" y2="3"></line>
            </svg></a>
        </div>
      </div><!-- header bottom (nav links) -->
      <div class="-mx-4 mt-4 overflow-x-auto px-4 sm:px-0">
        <nav aria-label="page sections" class="flex space-x-4 border-t border-b whitespace-nowrap"><a href="#home" class="sectionLinks text-muted-foreground flex-shrink-0 px-1 py-2 text-sm transition-colors duration-200 hover:text-(--ui-primary) sm:px-2 sm:text-base">Home</a><a href="#about" class="sectionLinks text-muted-foreground flex-shrink-0 px-1 py-2 text-sm transition-colors duration-200 hover:text-(--ui-primary) sm:px-2 sm:text-base">About</a><a href="#contact" class="sectionLinks text-muted-foreground flex-shrink-0 px-1 py-2 text-sm transition-colors duration-200 hover:text-(--ui-primary) sm:px-2 sm:text-base">Contact</a></nav>
      </div>
    </div>
  </header>
</div>"
`;

exports[`MultipageHeaderMusic Snapshot > renders with empty sections correctly 1`] = `
"<div>
  <header class="bg-[var(--ui-bg)] py-2 sm:py-2">
    <div class="mx-auto max-w-7xl sm:px-6 lg:px-8">
      <!-- header top -->
      <div class="flex flex-col items-center justify-between sm:flex-row">
        <!-- image -->
        <div class="flex w-full items-start justify-between">
          <!--v-if-->
          <!-- name -->
          <div class="flex-grow">
            <h1 class="text-xl font-bold text-(--ui-primary) transition-all duration-300 sm:text-3xl">Music Header</h1><span class="text-xs"></span>
          </div>
        </div><!-- action buttons -->
        <div class="flex w-full flex-col items-center justify-end gap-3 pt-4 sm:flex-row sm:pt-0">
          <!-- upvote button slot -->
          <!-- visit website button --><a href="https://example.com" rel="noopener noreferrer" target="_blank" class="flex w-full items-center justify-center gap-2 rounded-full bg-black px-4 py-2 font-medium text-white transition-colors hover:bg-neutral-800 sm:w-auto dark:bg-white dark:text-black dark:hover:bg-neutral-200"> Listen Free <svg class="h-4 w-4" xmlns="http://www.w3.org/2000/svg" viewBox="0 0 24 24" fill="none" stroke="currentColor" stroke-width="2" stroke-linecap="round" stroke-linejoin="round">
              <path d="M18 13v6a2 2 0 0 1-2 2H5a2 2 0 0 1-2-2V8a2 2 0 0 1 2-2h6"></path>
              <polyline points="15 3 21 3 21 9"></polyline>
              <line x1="10" y1="14" x2="21" y2="3"></line>
            </svg></a>
        </div>
      </div><!-- header bottom (nav links) -->
      <div class="-mx-4 mt-4 overflow-x-auto px-4 sm:px-0">
        <nav aria-label="page sections" class="flex space-x-4 border-t border-b whitespace-nowrap"></nav>
      </div>
    </div>
  </header>
</div>"
`;

exports[`MultipageHeaderMusic Snapshot > renders with oneLiner and image correctly 1`] = `
"<div>
  <header class="bg-[var(--ui-bg)] py-2 sm:py-2">
    <div class="mx-auto max-w-7xl sm:px-6 lg:px-8">
      <!-- header top -->
      <div class="flex flex-col items-center justify-between sm:flex-row">
        <!-- image -->
        <div class="flex w-full items-start justify-between"><img alt="Music Header logo" data-nuxt-img="" srcset="https://example.com/logo.png 1x, https://example.com/logo.png 2x" class="mr-2 object-contain transition-all duration-300 h-16" src="https://example.com/logo.png"><!-- name -->
          <div class="flex-grow">
            <h1 class="text-xl font-bold text-(--ui-primary) transition-all duration-300 sm:text-3xl">Music Header</h1><span class="text-xs">Rock on!</span>
          </div>
        </div><!-- action buttons -->
        <div class="flex w-full flex-col items-center justify-end gap-3 pt-4 sm:flex-row sm:pt-0">
          <!-- upvote button slot -->
          <!-- visit website button --><a href="https://example.com" rel="noopener noreferrer" target="_blank" class="flex w-full items-center justify-center gap-2 rounded-full bg-black px-4 py-2 font-medium text-white transition-colors hover:bg-neutral-800 sm:w-auto dark:bg-white dark:text-black dark:hover:bg-neutral-200"> Listen Free <svg class="h-4 w-4" xmlns="http://www.w3.org/2000/svg" viewBox="0 0 24 24" fill="none" stroke="currentColor" stroke-width="2" stroke-linecap="round" stroke-linejoin="round">
              <path d="M18 13v6a2 2 0 0 1-2 2H5a2 2 0 0 1-2-2V8a2 2 0 0 1 2-2h6"></path>
              <polyline points="15 3 21 3 21 9"></polyline>
              <line x1="10" y1="14" x2="21" y2="3"></line>
            </svg></a>
        </div>
      </div><!-- header bottom (nav links) -->
      <div class="-mx-4 mt-4 overflow-x-auto px-4 sm:px-0">
        <nav aria-label="page sections" class="flex space-x-4 border-t border-b whitespace-nowrap"><a href="#home" class="sectionLinks text-muted-foreground flex-shrink-0 px-1 py-2 text-sm transition-colors duration-200 hover:text-(--ui-primary) sm:px-2 sm:text-base">Home</a><a href="#about" class="sectionLinks text-muted-foreground flex-shrink-0 px-1 py-2 text-sm transition-colors duration-200 hover:text-(--ui-primary) sm:px-2 sm:text-base">About</a><a href="#contact" class="sectionLinks text-muted-foreground flex-shrink-0 px-1 py-2 text-sm transition-colors duration-200 hover:text-(--ui-primary) sm:px-2 sm:text-base">Contact</a></nav>
      </div>
    </div>
  </header>
</div>"
`;

exports[`MultipageHeaderMusic Snapshot > renders with upvote slot correctly 1`] = `
"<div>
  <header class="bg-[var(--ui-bg)] py-2 sm:py-2">
    <div class="mx-auto max-w-7xl sm:px-6 lg:px-8">
      <!-- header top -->
      <div class="flex flex-col items-center justify-between sm:flex-row">
        <!-- image -->
        <div class="flex w-full items-start justify-between">
          <!--v-if-->
          <!-- name -->
          <div class="flex-grow">
            <h1 class="text-xl font-bold text-(--ui-primary) transition-all duration-300 sm:text-3xl">Music Header</h1><span class="text-xs"></span>
          </div>
        </div><!-- action buttons -->
        <div class="flex w-full flex-col items-center justify-end gap-3 pt-4 sm:flex-row sm:pt-0">
          <!-- upvote button slot -->&lt;button&gt;Upvote&lt;/button&gt;
          <!-- visit website button --><a href="https://example.com" rel="noopener noreferrer" target="_blank" class="flex w-full items-center justify-center gap-2 rounded-full bg-black px-4 py-2 font-medium text-white transition-colors hover:bg-neutral-800 sm:w-auto dark:bg-white dark:text-black dark:hover:bg-neutral-200"> Listen Free <svg class="h-4 w-4" xmlns="http://www.w3.org/2000/svg" viewBox="0 0 24 24" fill="none" stroke="currentColor" stroke-width="2" stroke-linecap="round" stroke-linejoin="round">
              <path d="M18 13v6a2 2 0 0 1-2 2H5a2 2 0 0 1-2-2V8a2 2 0 0 1 2-2h6"></path>
              <polyline points="15 3 21 3 21 9"></polyline>
              <line x1="10" y1="14" x2="21" y2="3"></line>
            </svg></a>
        </div>
      </div><!-- header bottom (nav links) -->
      <div class="-mx-4 mt-4 overflow-x-auto px-4 sm:px-0">
        <nav aria-label="page sections" class="flex space-x-4 border-t border-b whitespace-nowrap"><a href="#home" class="sectionLinks text-muted-foreground flex-shrink-0 px-1 py-2 text-sm transition-colors duration-200 hover:text-(--ui-primary) sm:px-2 sm:text-base">Home</a><a href="#about" class="sectionLinks text-muted-foreground flex-shrink-0 px-1 py-2 text-sm transition-colors duration-200 hover:text-(--ui-primary) sm:px-2 sm:text-base">About</a><a href="#contact" class="sectionLinks text-muted-foreground flex-shrink-0 px-1 py-2 text-sm transition-colors duration-200 hover:text-(--ui-primary) sm:px-2 sm:text-base">Contact</a></nav>
      </div>
    </div>
  </header>
</div>"
`;
