// Vitest Snapshot v1, https://vitest.dev/guide/snapshot.html

exports[`profileDropdown Snapshot > renders when logged in correctly 1`] = `
<div class="relative">
  <!-- Avatar trigger -->
  <div>
    <span class="
      align-middle
      bg-elevated
      cursor-pointer
      hover:opacity-80
      inline-flex
      items-center
      justify-center
      overflow-hidden
      rounded-full
      select-none
      shrink-0
      size-10
      text-xl
      transition-opacity
    ">
      <img
        class="
          h-full
          object-cover
          rounded-[inherit]
          w-full
        "
        data-nuxt-img=""
        height="40"
        role="button"
        src="https://example.com/test.jpg"
        srcset="https://example.com/test.jpg 1x, https://example.com/test.jpg 2x"
        width="40"
      />
    </span>
  </div>
  <!-- Slideover menu -->
  <!-- v-if -->
  <!-- teleport start -->
  <!-- teleport end -->
</div>
`;

exports[`profileDropdown Snapshot > renders when not logged in correctly 1`] = `
<!-- Login button for logged-out users -->
<a
  class="
    aria-disabled:bg-transparent
    aria-disabled:cursor-not-allowed
    aria-disabled:opacity-75
    border
    border-neutral-300
    dark:aria-disabled:bg-transparent
    dark:disabled:bg-transparent
    dark:text-primary-100
    disabled:bg-transparent
    disabled:cursor-not-allowed
    disabled:opacity-75
    focus-visible:bg-primary/10
    focus:outline-none
    font-medium
    gap-1.5
    hover:bg-primary/10
    inline-flex
    items-center
    px-6
    py-1.5
    rounded-md
    text-md
    text-primary
    transition-colors
  "
  href="/login"
>
  
<!-- v-if --> Login
  
<!-- v-if -->
</a>
`;
