// Vitest Snapshot v1, https://vitest.dev/guide/snapshot.html

exports[`UpvoteButton > renders with no upvotes correctly 1`] = `
<div class="
  flex
  items-center
  sm:w-auto
  w-full
">
  <button
    class="
      aria-disabled:bg-transparent
      aria-disabled:cursor-not-allowed
      aria-disabled:opacity-75
      dark:aria-disabled:bg-transparent
      dark:disabled:bg-transparent
      disabled:bg-transparent
      disabled:cursor-not-allowed
      disabled:opacity-75
      focus-visible:ring-2
      focus-visible:ring-primary
      focus:outline-none
      font-medium
      gap-1.5
      hover:bg-primary/10
      inline-flex
      items-center
      px-2.5
      py-1.5
      ring
      ring-inset
      ring-primary/50
      rounded-md
      text-primary
      text-sm
      transition-colors
    "
    type="button"
  >
    <!-- v-if -->
    <span class="
      flex
      items-center
      text-xl
    ">
      <span
        aria-hidden="true"
        class="
          i-lucide:square-chevron-up
          iconify
          mr-2
          size-5
        "
      ></span>
      <span class="text-lg">
        0
      </span>
    </span>
    <!-- v-if -->
  </button>
</div>
`;

exports[`UpvoteButton > renders with upvotes containing user email correctly 1`] = `
<div class="
  flex
  items-center
  sm:w-auto
  w-full
">
  <button
    class="
      aria-disabled:bg-transparent
      aria-disabled:cursor-not-allowed
      aria-disabled:opacity-75
      dark:aria-disabled:bg-transparent
      dark:disabled:bg-transparent
      disabled:bg-transparent
      disabled:cursor-not-allowed
      disabled:opacity-75
      focus-visible:ring-2
      focus-visible:ring-primary
      focus:outline-none
      font-medium
      gap-1.5
      hover:bg-primary/10
      inline-flex
      items-center
      px-2.5
      py-1.5
      ring
      ring-inset
      ring-primary/50
      rounded-md
      text-primary
      text-sm
      transition-colors
    "
    type="button"
  >
    <!-- v-if -->
    <span class="
      flex
      items-center
      text-xl
    ">
      <span
        aria-hidden="true"
        class="
          i-lucide:square-chevron-up
          iconify
          mr-2
          size-5
        "
      ></span>
      <span class="text-lg">
        1
      </span>
    </span>
    <!-- v-if -->
  </button>
</div>
`;

exports[`UpvoteButton > renders with upvotes not containing user email correctly 1`] = `
<div class="
  flex
  items-center
  sm:w-auto
  w-full
">
  <button
    class="
      aria-disabled:bg-transparent
      aria-disabled:cursor-not-allowed
      aria-disabled:opacity-75
      dark:aria-disabled:bg-transparent
      dark:disabled:bg-transparent
      disabled:bg-transparent
      disabled:cursor-not-allowed
      disabled:opacity-75
      focus-visible:ring-2
      focus-visible:ring-primary
      focus:outline-none
      font-medium
      gap-1.5
      hover:bg-primary/10
      inline-flex
      items-center
      px-2.5
      py-1.5
      ring
      ring-inset
      ring-primary/50
      rounded-md
      text-primary
      text-sm
      transition-colors
    "
    type="button"
  >
    <!-- v-if -->
    <span class="
      flex
      items-center
      text-xl
    ">
      <span
        aria-hidden="true"
        class="
          i-lucide:square-chevron-up
          iconify
          mr-2
          size-5
        "
      ></span>
      <span class="text-lg">
        1
      </span>
    </span>
    <!-- v-if -->
  </button>
</div>
`;
