// Vitest Snapshot v1, https://vitest.dev/guide/snapshot.html

exports[`SchemasMusicRecording Snapshot > renders with full props correctly 1`] = `""`;

exports[`SchemasMusicRecording Snapshot > renders with minimal required props correctly 1`] = `""`;
