// Vitest Snapshot v1, https://vitest.dev/guide/snapshot.html

exports[`SPageCompanyCategoryCollection Snapshot > renders with complete data correctly 1`] = `
"<div>
  <div class="py-20 -mt-22">
    <div class="mx-auto max-w-5xl px-4 sm:px-6 lg:px-8">
      <div class="flex flex-col items-center gap-4 text-center lg:items-start lg:text-left">
        <h1 class="text-3xl font-bold text-pretty lg:text-5xl">The Best undefined</h1>
        <p class="text-muted max-w-2xl lg:text-xl">Discover undefined products &amp; services.</p>
        <!--v-if-->
      </div>
    </div>
  </div>
  <main>
    <div class="flex flex-col gap-y-6">
      <div class="grid grid-cols-2 gap-4 md:flex md:flex-row">
        <div class="relative inline-flex items-center col-span-2 w-full md:col-auto"><input type="text" placeholder="Search products..." class="w-full rounded-md border-0 placeholder:text-dimmed focus:outline-none disabled:cursor-not-allowed disabled:opacity-75 transition-colors px-3 py-2 text-sm gap-2 text-highlighted bg-default ring ring-inset ring-accented focus-visible:ring-2 focus-visible:ring-inset focus-visible:ring-primary ps-10" autocomplete="off" value=""><span class="absolute inset-y-0 start-0 flex items-center ps-3"><span class="iconify i-lucide:search shrink-0 text-dimmed size-5" aria-hidden="true"></span></span>
          <!--v-if-->
        </div>
        <!--v-if-->
        <!----><button type="button" tabindex="0" aria-label="Show popup" aria-haspopup="listbox" aria-expanded="false" aria-controls="" data-state="closed" aria-disabled="false" class="relative group rounded-md inline-flex items-center focus:outline-none disabled:cursor-not-allowed disabled:opacity-75 transition-colors px-3 py-2 text-sm gap-2 text-highlighted bg-default ring ring-inset ring-accented focus-visible:ring-2 focus-visible:ring-inset focus-visible:ring-primary pe-10 w-full md:w-48" dir="ltr">
          <!--v-if--><span class="truncate text-dimmed">Order by</span><span class="absolute inset-y-0 end-0 flex items-center pe-3"><span class="iconify i-lucide:chevrons-up-down shrink-0 text-dimmed size-5" aria-hidden="true"></span></span>
        </button>
        <!--teleport start-->
        <!--teleport end-->
        <!---->
      </div>
      <div class="flex flex-col gap-y-6">
        <div class="grid grid-cols-1 gap-4 lg:grid-cols-2">
          <div class="rounded-lg bg-default ring ring-default divide-y divide-default flex flex-col divide-dashed transition-all hover:ring-(--ui-border-accented)">
            <!--v-if-->
            <div class="p-5 sm:p-5 flex-grow">
              <div class="flex flex-col gap-4">
                <div class="flex flex-row gap-4">
                  <div class="bg-muted size-auto rounded-sm border border-(--ui-border)"><span class="inline-flex items-center justify-center shrink-0 select-none overflow-hidden align-middle bg-elevated size-12 text-2xl rounded-sm"><span class="iconify i-lucide:asterisk text-muted shrink-0" aria-hidden="true"></span></span></div>
                  <div class="flex flex-1 items-center gap-x-2">
                    <h2 class="text-dark text-xl font-semibold"><a href="/products/company-one/reviews/" class="transition-all hover:underline">Company One</a></h2><button type="button" rel="noopener noreferrer" target="_blank" class="rounded-md font-medium inline-flex items-center disabled:cursor-not-allowed aria-disabled:cursor-not-allowed disabled:opacity-75 aria-disabled:opacity-75 transition-colors px-2.5 py-1.5 text-xs gap-1.5 ring ring-inset ring-accented text-default bg-default hover:bg-elevated disabled:bg-default aria-disabled:bg-default focus:outline-none focus-visible:ring-2 focus-visible:ring-inverted ml-auto">
                      <!--v-if--><span class="truncate">Website</span><span class="iconify i-lucide:external-link shrink-0 size-4" aria-hidden="true"></span>
                    </button>
                  </div>
                </div>
                <div class="flex flex-col gap-4">
                  <p class="text-muted text-sm"></p>
                  <!--v-if-->
                </div>
              </div>
            </div>
            <div class="p-4 px-5 py-4 sm:px-5 bg-gray-50 dark:bg-black/10 rounded-b-lg">
              <div class="flex flex-row items-center gap-3">
                <div class="relative inline-flex -space-x-px" module="company"><button type="button" class="rounded-md font-medium inline-flex items-center disabled:cursor-not-allowed aria-disabled:cursor-not-allowed disabled:opacity-75 aria-disabled:opacity-75 transition-colors not-only:first:rounded-e-none not-only:last:rounded-s-none not-last:not-first:rounded-none focus-visible:z-[1] text-xs gap-1.5 ring ring-inset ring-accented text-default bg-default hover:bg-elevated disabled:bg-default aria-disabled:bg-default focus:outline-none focus-visible:ring-2 focus-visible:ring-inverted p-1.5"><span class="iconify i-lucide:arrow-big-up shrink-0 size-4" aria-hidden="true"></span>
                    <!--v-if-->
                    <!--v-if-->
                  </button><span class="font-medium inline-flex items-center not-only:first:rounded-e-none not-only:last:rounded-s-none not-last:not-first:rounded-none focus-visible:z-[1] gap-1 rounded-sm ring ring-inset ring-accented text-default bg-default p-1 w-8 justify-center text-sm"><!--v-if--><span class="truncate">NaN</span>
                  <!--v-if--></span><button type="button" class="rounded-md font-medium inline-flex items-center disabled:cursor-not-allowed aria-disabled:cursor-not-allowed disabled:opacity-75 aria-disabled:opacity-75 transition-colors not-only:first:rounded-e-none not-only:last:rounded-s-none not-last:not-first:rounded-none focus-visible:z-[1] text-xs gap-1.5 ring ring-inset ring-accented text-default bg-default hover:bg-elevated disabled:bg-default aria-disabled:bg-default focus:outline-none focus-visible:ring-2 focus-visible:ring-inverted p-1.5"><span class="iconify i-lucide:arrow-big-down shrink-0 size-4" aria-hidden="true"></span>
                    <!--v-if-->
                    <!--v-if-->
                  </button>
                </div><button type="button" rel="noopener noreferrer" target="_blank" class="rounded-md font-medium inline-flex items-center disabled:cursor-not-allowed aria-disabled:cursor-not-allowed disabled:opacity-75 aria-disabled:opacity-75 transition-colors text-xs gap-1.5 ring ring-inset ring-accented text-default bg-default hover:bg-elevated disabled:bg-default aria-disabled:bg-default focus:outline-none focus-visible:ring-2 focus-visible:ring-inverted p-1.5 ml-auto"><span class="iconify i-lucide:bookmark shrink-0 size-4" aria-hidden="true"></span>
                  <!--v-if-->
                  <!--v-if-->
                </button>
              </div>
            </div>
          </div>
          <div class="rounded-lg bg-default ring ring-default divide-y divide-default flex flex-col divide-dashed transition-all hover:ring-(--ui-border-accented)">
            <!--v-if-->
            <div class="p-5 sm:p-5 flex-grow">
              <div class="flex flex-col gap-4">
                <div class="flex flex-row gap-4">
                  <div class="bg-muted size-auto rounded-sm border border-(--ui-border)"><span class="inline-flex items-center justify-center shrink-0 select-none overflow-hidden align-middle bg-elevated size-12 text-2xl rounded-sm"><span class="iconify i-lucide:asterisk text-muted shrink-0" aria-hidden="true"></span></span></div>
                  <div class="flex flex-1 items-center gap-x-2">
                    <h2 class="text-dark text-xl font-semibold"><a href="/products/company-two/reviews/" class="transition-all hover:underline">Company Two</a></h2><button type="button" rel="noopener noreferrer" target="_blank" class="rounded-md font-medium inline-flex items-center disabled:cursor-not-allowed aria-disabled:cursor-not-allowed disabled:opacity-75 aria-disabled:opacity-75 transition-colors px-2.5 py-1.5 text-xs gap-1.5 ring ring-inset ring-accented text-default bg-default hover:bg-elevated disabled:bg-default aria-disabled:bg-default focus:outline-none focus-visible:ring-2 focus-visible:ring-inverted ml-auto">
                      <!--v-if--><span class="truncate">Website</span><span class="iconify i-lucide:external-link shrink-0 size-4" aria-hidden="true"></span>
                    </button>
                  </div>
                </div>
                <div class="flex flex-col gap-4">
                  <p class="text-muted text-sm"></p>
                  <!--v-if-->
                </div>
              </div>
            </div>
            <div class="p-4 px-5 py-4 sm:px-5 bg-gray-50 dark:bg-black/10 rounded-b-lg">
              <div class="flex flex-row items-center gap-3">
                <div class="relative inline-flex -space-x-px" module="company"><button type="button" class="rounded-md font-medium inline-flex items-center disabled:cursor-not-allowed aria-disabled:cursor-not-allowed disabled:opacity-75 aria-disabled:opacity-75 transition-colors not-only:first:rounded-e-none not-only:last:rounded-s-none not-last:not-first:rounded-none focus-visible:z-[1] text-xs gap-1.5 ring ring-inset ring-accented text-default bg-default hover:bg-elevated disabled:bg-default aria-disabled:bg-default focus:outline-none focus-visible:ring-2 focus-visible:ring-inverted p-1.5"><span class="iconify i-lucide:arrow-big-up shrink-0 size-4" aria-hidden="true"></span>
                    <!--v-if-->
                    <!--v-if-->
                  </button><span class="font-medium inline-flex items-center not-only:first:rounded-e-none not-only:last:rounded-s-none not-last:not-first:rounded-none focus-visible:z-[1] gap-1 rounded-sm ring ring-inset ring-accented text-default bg-default p-1 w-8 justify-center text-sm"><!--v-if--><span class="truncate">NaN</span>
                  <!--v-if--></span><button type="button" class="rounded-md font-medium inline-flex items-center disabled:cursor-not-allowed aria-disabled:cursor-not-allowed disabled:opacity-75 aria-disabled:opacity-75 transition-colors not-only:first:rounded-e-none not-only:last:rounded-s-none not-last:not-first:rounded-none focus-visible:z-[1] text-xs gap-1.5 ring ring-inset ring-accented text-default bg-default hover:bg-elevated disabled:bg-default aria-disabled:bg-default focus:outline-none focus-visible:ring-2 focus-visible:ring-inverted p-1.5"><span class="iconify i-lucide:arrow-big-down shrink-0 size-4" aria-hidden="true"></span>
                    <!--v-if-->
                    <!--v-if-->
                  </button>
                </div><button type="button" rel="noopener noreferrer" target="_blank" class="rounded-md font-medium inline-flex items-center disabled:cursor-not-allowed aria-disabled:cursor-not-allowed disabled:opacity-75 aria-disabled:opacity-75 transition-colors text-xs gap-1.5 ring ring-inset ring-accented text-default bg-default hover:bg-elevated disabled:bg-default aria-disabled:bg-default focus:outline-none focus-visible:ring-2 focus-visible:ring-inverted p-1.5 ml-auto"><span class="iconify i-lucide:bookmark shrink-0 size-4" aria-hidden="true"></span>
                  <!--v-if-->
                  <!--v-if-->
                </button>
              </div>
            </div>
          </div>
        </div>
        <div class="flex justify-center">
          <nav aria-label="pagination">
            <div class="flex items-center gap-1"><button type="button" disabled="" aria-label="First Page" class="rounded-md font-medium inline-flex items-center disabled:cursor-not-allowed aria-disabled:cursor-not-allowed disabled:opacity-75 aria-disabled:opacity-75 transition-colors text-sm gap-1.5 ring ring-inset ring-accented text-default bg-default hover:bg-elevated disabled:bg-default aria-disabled:bg-default focus:outline-none focus-visible:ring-2 focus-visible:ring-inverted p-1.5"><span class="iconify i-lucide:chevrons-left shrink-0 size-5" aria-hidden="true"></span>
                <!--v-if-->
                <!--v-if-->
              </button><button type="button" disabled="" aria-label="Previous Page" class="rounded-md font-medium inline-flex items-center disabled:cursor-not-allowed aria-disabled:cursor-not-allowed disabled:opacity-75 aria-disabled:opacity-75 transition-colors text-sm gap-1.5 ring ring-inset ring-accented text-default bg-default hover:bg-elevated disabled:bg-default aria-disabled:bg-default focus:outline-none focus-visible:ring-2 focus-visible:ring-inverted p-1.5"><span class="iconify i-lucide:chevron-left shrink-0 size-5" aria-hidden="true"></span>
                <!--v-if-->
                <!--v-if-->
              </button><button type="button" data-type="page" aria-label="Page 1" aria-current="page" data-selected="true" class="rounded-md font-medium inline-flex items-center disabled:cursor-not-allowed aria-disabled:cursor-not-allowed disabled:opacity-75 aria-disabled:opacity-75 transition-colors text-sm gap-1.5 text-inverted bg-primary hover:bg-primary/75 disabled:bg-primary aria-disabled:bg-primary focus-visible:outline-2 focus-visible:outline-offset-2 focus-visible:outline-primary p-1.5" value="1">
                <!--v-if--><span class="truncate min-w-5 text-center">1</span>
                <!--v-if-->
              </button><button type="button" data-type="page" aria-label="Page 2" class="rounded-md font-medium inline-flex items-center disabled:cursor-not-allowed aria-disabled:cursor-not-allowed disabled:opacity-75 aria-disabled:opacity-75 transition-colors text-sm gap-1.5 ring ring-inset ring-accented text-default bg-default hover:bg-elevated disabled:bg-default aria-disabled:bg-default focus:outline-none focus-visible:ring-2 focus-visible:ring-inverted p-1.5" value="2">
                <!--v-if--><span class="truncate min-w-5 text-center">2</span>
                <!--v-if-->
              </button><button type="button" aria-label="Next Page" class="rounded-md font-medium inline-flex items-center disabled:cursor-not-allowed aria-disabled:cursor-not-allowed disabled:opacity-75 aria-disabled:opacity-75 transition-colors text-sm gap-1.5 ring ring-inset ring-accented text-default bg-default hover:bg-elevated disabled:bg-default aria-disabled:bg-default focus:outline-none focus-visible:ring-2 focus-visible:ring-inverted p-1.5"><span class="iconify i-lucide:chevron-right shrink-0 size-5" aria-hidden="true"></span>
                <!--v-if-->
                <!--v-if-->
              </button><button type="button" aria-label="Last Page" class="rounded-md font-medium inline-flex items-center disabled:cursor-not-allowed aria-disabled:cursor-not-allowed disabled:opacity-75 aria-disabled:opacity-75 transition-colors text-sm gap-1.5 ring ring-inset ring-accented text-default bg-default hover:bg-elevated disabled:bg-default aria-disabled:bg-default focus:outline-none focus-visible:ring-2 focus-visible:ring-inverted p-1.5"><span class="iconify i-lucide:chevrons-right shrink-0 size-5" aria-hidden="true"></span>
                <!--v-if-->
                <!--v-if-->
              </button></div>
          </nav>
        </div>
      </div>
    </div>
    <!--v-if-->
    <section data-orientation="vertical" class="relative isolate">
      <div class="w-full max-w-(--ui-container) mx-auto px-4 sm:px-6 lg:px-8 flex flex-col lg:grid py-16 sm:py-24 lg:py-32 gap-8 sm:gap-16">
        <div class="">
          <!--v-if-->
          <!--v-if-->
          <h2 class="text-3xl sm:text-4xl lg:text-5xl text-pretty tracking-tight font-bold text-highlighted text-left">Categories</h2>
          <!--v-if-->
          <!--v-if-->
          <!--v-if-->
        </div>
        <div class="grid grid-cols-1 gap-x-8 gap-y-6 sm:grid-cols-2 md:grid-cols-3 lg:grid-cols-4"><a href="/products/best/cat-tech/" class="focus-visible:outline-primary text-muted hover:text-default group flex items-center gap-3 text-base font-medium transition-all"><span class="iconify i-lucide:arrow-right text-dimmed size-4 transition-all group-hover:translate-x-1" aria-hidden="true"></span><span>Tech</span>
            <hr class="min-w-2 flex-1 border-(--ui-border)">
          </a></div>
      </div>
    </section>
  </main>
</div>"
`;

exports[`SPageCompanyCategoryCollection Snapshot > renders with empty companies correctly 1`] = `
"<div>
  <div class="py-20 -mt-22">
    <div class="mx-auto max-w-5xl px-4 sm:px-6 lg:px-8">
      <div class="flex flex-col items-center gap-4 text-center lg:items-start lg:text-left">
        <h1 class="text-3xl font-bold text-pretty lg:text-5xl">The Best undefined</h1>
        <p class="text-muted max-w-2xl lg:text-xl">Discover undefined products &amp; services.</p>
        <!--v-if-->
      </div>
    </div>
  </div>
  <main>
    <div class="flex flex-col gap-y-6">
      <div class="grid grid-cols-2 gap-4 md:flex md:flex-row">
        <div class="relative inline-flex items-center col-span-2 w-full md:col-auto"><input type="text" placeholder="Search products..." class="w-full rounded-md border-0 placeholder:text-dimmed focus:outline-none disabled:cursor-not-allowed disabled:opacity-75 transition-colors px-3 py-2 text-sm gap-2 text-highlighted bg-default ring ring-inset ring-accented focus-visible:ring-2 focus-visible:ring-inset focus-visible:ring-primary ps-10" autocomplete="off" value=""><span class="absolute inset-y-0 start-0 flex items-center ps-3"><span class="iconify i-lucide:refresh-cw shrink-0 text-dimmed size-5 animate-spin" aria-hidden="true"></span></span>
          <!--v-if-->
        </div>
        <!--v-if-->
        <!----><button type="button" tabindex="0" aria-label="Show popup" aria-haspopup="listbox" aria-expanded="false" aria-controls="" data-state="closed" aria-disabled="false" class="relative group rounded-md inline-flex items-center focus:outline-none disabled:cursor-not-allowed disabled:opacity-75 transition-colors px-3 py-2 text-sm gap-2 text-highlighted bg-default ring ring-inset ring-accented focus-visible:ring-2 focus-visible:ring-inset focus-visible:ring-primary pe-10 w-full md:w-48" dir="ltr">
          <!--v-if--><span class="truncate text-dimmed">Order by</span><span class="absolute inset-y-0 end-0 flex items-center pe-3"><span class="iconify i-lucide:chevrons-up-down shrink-0 text-dimmed size-5" aria-hidden="true"></span></span>
        </button>
        <!--teleport start-->
        <!--teleport end-->
        <!---->
      </div>
      <div class="flex flex-col gap-y-6">
        <div class="grid grid-cols-1 gap-4 lg:grid-cols-2">
          <div class="rounded-lg bg-default ring ring-default divide-y divide-default flex flex-col divide-dashed transition-all">
            <!--v-if-->
            <div class="p-5 sm:p-5 flex-grow">
              <div class="flex flex-col gap-4">
                <div class="flex flex-row gap-4">
                  <div class="bg-muted size-auto rounded-sm border border-(--ui-border)">
                    <div aria-busy="true" aria-label="loading" aria-live="polite" role="alert" class="animate-pulse bg-elevated h-12 w-12 rounded-sm"></div>
                  </div>
                  <div class="flex flex-1 items-center gap-x-2">
                    <div class="flex flex-col gap-2">
                      <div aria-busy="true" aria-label="loading" aria-live="polite" role="alert" class="animate-pulse rounded-md bg-elevated h-7 w-32"></div>
                    </div>
                  </div>
                </div>
                <div class="flex flex-col gap-6">
                  <div aria-busy="true" aria-label="loading" aria-live="polite" role="alert" class="animate-pulse rounded-md bg-elevated h-3.5"></div>
                  <div class="inline-flex flex-wrap items-center gap-2">
                    <div aria-busy="true" aria-label="loading" aria-live="polite" role="alert" class="animate-pulse bg-elevated h-4 w-16 rounded-full"></div>
                    <div aria-busy="true" aria-label="loading" aria-live="polite" role="alert" class="animate-pulse bg-elevated h-4 w-16 rounded-full"></div>
                    <div aria-busy="true" aria-label="loading" aria-live="polite" role="alert" class="animate-pulse bg-elevated h-4 w-16 rounded-full"></div>
                  </div>
                </div>
              </div>
            </div>
            <div class="p-4 px-5 py-4 sm:px-5 bg-gray-50 dark:bg-black/10 rounded-b-lg">
              <div class="flex flex-row items-center gap-3">
                <div aria-busy="true" aria-label="loading" aria-live="polite" role="alert" class="animate-pulse rounded-md bg-elevated h-7 w-20"></div>
                <div aria-busy="true" aria-label="loading" aria-live="polite" role="alert" class="animate-pulse rounded-md bg-elevated ml-auto h-7 w-7"></div>
              </div>
            </div>
          </div>
          <div class="rounded-lg bg-default ring ring-default divide-y divide-default flex flex-col divide-dashed transition-all">
            <!--v-if-->
            <div class="p-5 sm:p-5 flex-grow">
              <div class="flex flex-col gap-4">
                <div class="flex flex-row gap-4">
                  <div class="bg-muted size-auto rounded-sm border border-(--ui-border)">
                    <div aria-busy="true" aria-label="loading" aria-live="polite" role="alert" class="animate-pulse bg-elevated h-12 w-12 rounded-sm"></div>
                  </div>
                  <div class="flex flex-1 items-center gap-x-2">
                    <div class="flex flex-col gap-2">
                      <div aria-busy="true" aria-label="loading" aria-live="polite" role="alert" class="animate-pulse rounded-md bg-elevated h-7 w-32"></div>
                    </div>
                  </div>
                </div>
                <div class="flex flex-col gap-6">
                  <div aria-busy="true" aria-label="loading" aria-live="polite" role="alert" class="animate-pulse rounded-md bg-elevated h-3.5"></div>
                  <div class="inline-flex flex-wrap items-center gap-2">
                    <div aria-busy="true" aria-label="loading" aria-live="polite" role="alert" class="animate-pulse bg-elevated h-4 w-16 rounded-full"></div>
                    <div aria-busy="true" aria-label="loading" aria-live="polite" role="alert" class="animate-pulse bg-elevated h-4 w-16 rounded-full"></div>
                    <div aria-busy="true" aria-label="loading" aria-live="polite" role="alert" class="animate-pulse bg-elevated h-4 w-16 rounded-full"></div>
                  </div>
                </div>
              </div>
            </div>
            <div class="p-4 px-5 py-4 sm:px-5 bg-gray-50 dark:bg-black/10 rounded-b-lg">
              <div class="flex flex-row items-center gap-3">
                <div aria-busy="true" aria-label="loading" aria-live="polite" role="alert" class="animate-pulse rounded-md bg-elevated h-7 w-20"></div>
                <div aria-busy="true" aria-label="loading" aria-live="polite" role="alert" class="animate-pulse rounded-md bg-elevated ml-auto h-7 w-7"></div>
              </div>
            </div>
          </div>
        </div>
      </div>
    </div>
    <!--v-if-->
    <section data-orientation="vertical" class="relative isolate">
      <div class="w-full max-w-(--ui-container) mx-auto px-4 sm:px-6 lg:px-8 flex flex-col lg:grid py-16 sm:py-24 lg:py-32 gap-8 sm:gap-16">
        <div class="">
          <!--v-if-->
          <!--v-if-->
          <h2 class="text-3xl sm:text-4xl lg:text-5xl text-pretty tracking-tight font-bold text-highlighted text-left">Categories</h2>
          <!--v-if-->
          <!--v-if-->
          <!--v-if-->
        </div>
        <div class="grid grid-cols-1 gap-x-8 gap-y-6 sm:grid-cols-2 md:grid-cols-3 lg:grid-cols-4"><a href="/products/best/cat-tech/" class="focus-visible:outline-primary text-muted hover:text-default group flex items-center gap-3 text-base font-medium transition-all"><span class="iconify i-lucide:arrow-right text-dimmed size-4 transition-all group-hover:translate-x-1" aria-hidden="true"></span><span>Tech</span>
            <hr class="min-w-2 flex-1 border-(--ui-border)">
          </a></div>
      </div>
    </section>
  </main>
</div>"
`;

exports[`SPageCompanyCategoryCollection Snapshot > renders with no categories correctly 1`] = `
"<div>
  <div class="py-20 -mt-22">
    <div class="mx-auto max-w-5xl px-4 sm:px-6 lg:px-8">
      <div class="flex flex-col items-center gap-4 text-center lg:items-start lg:text-left">
        <h1 class="text-3xl font-bold text-pretty lg:text-5xl">The Best undefined</h1>
        <p class="text-muted max-w-2xl lg:text-xl">Discover undefined products &amp; services.</p>
        <!--v-if-->
      </div>
    </div>
  </div>
  <main>
    <div class="flex flex-col gap-y-6">
      <div class="grid grid-cols-2 gap-4 md:flex md:flex-row">
        <div class="relative inline-flex items-center col-span-2 w-full md:col-auto"><input type="text" placeholder="Search products..." class="w-full rounded-md border-0 placeholder:text-dimmed focus:outline-none disabled:cursor-not-allowed disabled:opacity-75 transition-colors px-3 py-2 text-sm gap-2 text-highlighted bg-default ring ring-inset ring-accented focus-visible:ring-2 focus-visible:ring-inset focus-visible:ring-primary ps-10" autocomplete="off" value=""><span class="absolute inset-y-0 start-0 flex items-center ps-3"><span class="iconify i-lucide:refresh-cw shrink-0 text-dimmed size-5 animate-spin" aria-hidden="true"></span></span>
          <!--v-if-->
        </div>
        <!--v-if-->
        <!----><button type="button" tabindex="0" aria-label="Show popup" aria-haspopup="listbox" aria-expanded="false" aria-controls="" data-state="closed" aria-disabled="false" class="relative group rounded-md inline-flex items-center focus:outline-none disabled:cursor-not-allowed disabled:opacity-75 transition-colors px-3 py-2 text-sm gap-2 text-highlighted bg-default ring ring-inset ring-accented focus-visible:ring-2 focus-visible:ring-inset focus-visible:ring-primary pe-10 w-full md:w-48" dir="ltr">
          <!--v-if--><span class="truncate text-dimmed">Order by</span><span class="absolute inset-y-0 end-0 flex items-center pe-3"><span class="iconify i-lucide:chevrons-up-down shrink-0 text-dimmed size-5" aria-hidden="true"></span></span>
        </button>
        <!--teleport start-->
        <!--teleport end-->
        <!---->
      </div>
      <div class="flex flex-col gap-y-6">
        <div class="grid grid-cols-1 gap-4 lg:grid-cols-2">
          <div class="rounded-lg bg-default ring ring-default divide-y divide-default flex flex-col divide-dashed transition-all">
            <!--v-if-->
            <div class="p-5 sm:p-5 flex-grow">
              <div class="flex flex-col gap-4">
                <div class="flex flex-row gap-4">
                  <div class="bg-muted size-auto rounded-sm border border-(--ui-border)">
                    <div aria-busy="true" aria-label="loading" aria-live="polite" role="alert" class="animate-pulse bg-elevated h-12 w-12 rounded-sm"></div>
                  </div>
                  <div class="flex flex-1 items-center gap-x-2">
                    <div class="flex flex-col gap-2">
                      <div aria-busy="true" aria-label="loading" aria-live="polite" role="alert" class="animate-pulse rounded-md bg-elevated h-7 w-32"></div>
                    </div>
                  </div>
                </div>
                <div class="flex flex-col gap-6">
                  <div aria-busy="true" aria-label="loading" aria-live="polite" role="alert" class="animate-pulse rounded-md bg-elevated h-3.5"></div>
                  <div class="inline-flex flex-wrap items-center gap-2">
                    <div aria-busy="true" aria-label="loading" aria-live="polite" role="alert" class="animate-pulse bg-elevated h-4 w-16 rounded-full"></div>
                    <div aria-busy="true" aria-label="loading" aria-live="polite" role="alert" class="animate-pulse bg-elevated h-4 w-16 rounded-full"></div>
                    <div aria-busy="true" aria-label="loading" aria-live="polite" role="alert" class="animate-pulse bg-elevated h-4 w-16 rounded-full"></div>
                  </div>
                </div>
              </div>
            </div>
            <div class="p-4 px-5 py-4 sm:px-5 bg-gray-50 dark:bg-black/10 rounded-b-lg">
              <div class="flex flex-row items-center gap-3">
                <div aria-busy="true" aria-label="loading" aria-live="polite" role="alert" class="animate-pulse rounded-md bg-elevated h-7 w-20"></div>
                <div aria-busy="true" aria-label="loading" aria-live="polite" role="alert" class="animate-pulse rounded-md bg-elevated ml-auto h-7 w-7"></div>
              </div>
            </div>
          </div>
          <div class="rounded-lg bg-default ring ring-default divide-y divide-default flex flex-col divide-dashed transition-all">
            <!--v-if-->
            <div class="p-5 sm:p-5 flex-grow">
              <div class="flex flex-col gap-4">
                <div class="flex flex-row gap-4">
                  <div class="bg-muted size-auto rounded-sm border border-(--ui-border)">
                    <div aria-busy="true" aria-label="loading" aria-live="polite" role="alert" class="animate-pulse bg-elevated h-12 w-12 rounded-sm"></div>
                  </div>
                  <div class="flex flex-1 items-center gap-x-2">
                    <div class="flex flex-col gap-2">
                      <div aria-busy="true" aria-label="loading" aria-live="polite" role="alert" class="animate-pulse rounded-md bg-elevated h-7 w-32"></div>
                    </div>
                  </div>
                </div>
                <div class="flex flex-col gap-6">
                  <div aria-busy="true" aria-label="loading" aria-live="polite" role="alert" class="animate-pulse rounded-md bg-elevated h-3.5"></div>
                  <div class="inline-flex flex-wrap items-center gap-2">
                    <div aria-busy="true" aria-label="loading" aria-live="polite" role="alert" class="animate-pulse bg-elevated h-4 w-16 rounded-full"></div>
                    <div aria-busy="true" aria-label="loading" aria-live="polite" role="alert" class="animate-pulse bg-elevated h-4 w-16 rounded-full"></div>
                    <div aria-busy="true" aria-label="loading" aria-live="polite" role="alert" class="animate-pulse bg-elevated h-4 w-16 rounded-full"></div>
                  </div>
                </div>
              </div>
            </div>
            <div class="p-4 px-5 py-4 sm:px-5 bg-gray-50 dark:bg-black/10 rounded-b-lg">
              <div class="flex flex-row items-center gap-3">
                <div aria-busy="true" aria-label="loading" aria-live="polite" role="alert" class="animate-pulse rounded-md bg-elevated h-7 w-20"></div>
                <div aria-busy="true" aria-label="loading" aria-live="polite" role="alert" class="animate-pulse rounded-md bg-elevated ml-auto h-7 w-7"></div>
              </div>
            </div>
          </div>
        </div>
      </div>
    </div>
    <!--v-if-->
    <!--v-if-->
  </main>
</div>"
`;

exports[`SPageCompanyCategoryCollection Snapshot > renders without category article correctly 1`] = `
"<div>
  <div class="py-20 -mt-22">
    <div class="mx-auto max-w-5xl px-4 sm:px-6 lg:px-8">
      <div class="flex flex-col items-center gap-4 text-center lg:items-start lg:text-left">
        <h1 class="text-3xl font-bold text-pretty lg:text-5xl">The Best undefined</h1>
        <p class="text-muted max-w-2xl lg:text-xl">Discover undefined products &amp; services.</p>
        <!--v-if-->
      </div>
    </div>
  </div>
  <main>
    <div class="flex flex-col gap-y-6">
      <div class="grid grid-cols-2 gap-4 md:flex md:flex-row">
        <div class="relative inline-flex items-center col-span-2 w-full md:col-auto"><input type="text" placeholder="Search products..." class="w-full rounded-md border-0 placeholder:text-dimmed focus:outline-none disabled:cursor-not-allowed disabled:opacity-75 transition-colors px-3 py-2 text-sm gap-2 text-highlighted bg-default ring ring-inset ring-accented focus-visible:ring-2 focus-visible:ring-inset focus-visible:ring-primary ps-10" autocomplete="off" value=""><span class="absolute inset-y-0 start-0 flex items-center ps-3"><span class="iconify i-lucide:refresh-cw shrink-0 text-dimmed size-5 animate-spin" aria-hidden="true"></span></span>
          <!--v-if-->
        </div>
        <!--v-if-->
        <!----><button type="button" tabindex="0" aria-label="Show popup" aria-haspopup="listbox" aria-expanded="false" aria-controls="" data-state="closed" aria-disabled="false" class="relative group rounded-md inline-flex items-center focus:outline-none disabled:cursor-not-allowed disabled:opacity-75 transition-colors px-3 py-2 text-sm gap-2 text-highlighted bg-default ring ring-inset ring-accented focus-visible:ring-2 focus-visible:ring-inset focus-visible:ring-primary pe-10 w-full md:w-48" dir="ltr">
          <!--v-if--><span class="truncate text-dimmed">Order by</span><span class="absolute inset-y-0 end-0 flex items-center pe-3"><span class="iconify i-lucide:chevrons-up-down shrink-0 text-dimmed size-5" aria-hidden="true"></span></span>
        </button>
        <!--teleport start-->
        <!--teleport end-->
        <!---->
      </div>
      <div class="flex flex-col gap-y-6">
        <div class="grid grid-cols-1 gap-4 lg:grid-cols-2">
          <div class="rounded-lg bg-default ring ring-default divide-y divide-default flex flex-col divide-dashed transition-all">
            <!--v-if-->
            <div class="p-5 sm:p-5 flex-grow">
              <div class="flex flex-col gap-4">
                <div class="flex flex-row gap-4">
                  <div class="bg-muted size-auto rounded-sm border border-(--ui-border)">
                    <div aria-busy="true" aria-label="loading" aria-live="polite" role="alert" class="animate-pulse bg-elevated h-12 w-12 rounded-sm"></div>
                  </div>
                  <div class="flex flex-1 items-center gap-x-2">
                    <div class="flex flex-col gap-2">
                      <div aria-busy="true" aria-label="loading" aria-live="polite" role="alert" class="animate-pulse rounded-md bg-elevated h-7 w-32"></div>
                    </div>
                  </div>
                </div>
                <div class="flex flex-col gap-6">
                  <div aria-busy="true" aria-label="loading" aria-live="polite" role="alert" class="animate-pulse rounded-md bg-elevated h-3.5"></div>
                  <div class="inline-flex flex-wrap items-center gap-2">
                    <div aria-busy="true" aria-label="loading" aria-live="polite" role="alert" class="animate-pulse bg-elevated h-4 w-16 rounded-full"></div>
                    <div aria-busy="true" aria-label="loading" aria-live="polite" role="alert" class="animate-pulse bg-elevated h-4 w-16 rounded-full"></div>
                    <div aria-busy="true" aria-label="loading" aria-live="polite" role="alert" class="animate-pulse bg-elevated h-4 w-16 rounded-full"></div>
                  </div>
                </div>
              </div>
            </div>
            <div class="p-4 px-5 py-4 sm:px-5 bg-gray-50 dark:bg-black/10 rounded-b-lg">
              <div class="flex flex-row items-center gap-3">
                <div aria-busy="true" aria-label="loading" aria-live="polite" role="alert" class="animate-pulse rounded-md bg-elevated h-7 w-20"></div>
                <div aria-busy="true" aria-label="loading" aria-live="polite" role="alert" class="animate-pulse rounded-md bg-elevated ml-auto h-7 w-7"></div>
              </div>
            </div>
          </div>
          <div class="rounded-lg bg-default ring ring-default divide-y divide-default flex flex-col divide-dashed transition-all">
            <!--v-if-->
            <div class="p-5 sm:p-5 flex-grow">
              <div class="flex flex-col gap-4">
                <div class="flex flex-row gap-4">
                  <div class="bg-muted size-auto rounded-sm border border-(--ui-border)">
                    <div aria-busy="true" aria-label="loading" aria-live="polite" role="alert" class="animate-pulse bg-elevated h-12 w-12 rounded-sm"></div>
                  </div>
                  <div class="flex flex-1 items-center gap-x-2">
                    <div class="flex flex-col gap-2">
                      <div aria-busy="true" aria-label="loading" aria-live="polite" role="alert" class="animate-pulse rounded-md bg-elevated h-7 w-32"></div>
                    </div>
                  </div>
                </div>
                <div class="flex flex-col gap-6">
                  <div aria-busy="true" aria-label="loading" aria-live="polite" role="alert" class="animate-pulse rounded-md bg-elevated h-3.5"></div>
                  <div class="inline-flex flex-wrap items-center gap-2">
                    <div aria-busy="true" aria-label="loading" aria-live="polite" role="alert" class="animate-pulse bg-elevated h-4 w-16 rounded-full"></div>
                    <div aria-busy="true" aria-label="loading" aria-live="polite" role="alert" class="animate-pulse bg-elevated h-4 w-16 rounded-full"></div>
                    <div aria-busy="true" aria-label="loading" aria-live="polite" role="alert" class="animate-pulse bg-elevated h-4 w-16 rounded-full"></div>
                  </div>
                </div>
              </div>
            </div>
            <div class="p-4 px-5 py-4 sm:px-5 bg-gray-50 dark:bg-black/10 rounded-b-lg">
              <div class="flex flex-row items-center gap-3">
                <div aria-busy="true" aria-label="loading" aria-live="polite" role="alert" class="animate-pulse rounded-md bg-elevated h-7 w-20"></div>
                <div aria-busy="true" aria-label="loading" aria-live="polite" role="alert" class="animate-pulse rounded-md bg-elevated ml-auto h-7 w-7"></div>
              </div>
            </div>
          </div>
        </div>
      </div>
    </div>
    <!--v-if-->
    <section data-orientation="vertical" class="relative isolate">
      <div class="w-full max-w-(--ui-container) mx-auto px-4 sm:px-6 lg:px-8 flex flex-col lg:grid py-16 sm:py-24 lg:py-32 gap-8 sm:gap-16">
        <div class="">
          <!--v-if-->
          <!--v-if-->
          <h2 class="text-3xl sm:text-4xl lg:text-5xl text-pretty tracking-tight font-bold text-highlighted text-left">Categories</h2>
          <!--v-if-->
          <!--v-if-->
          <!--v-if-->
        </div>
        <div class="grid grid-cols-1 gap-x-8 gap-y-6 sm:grid-cols-2 md:grid-cols-3 lg:grid-cols-4"><a href="/products/best/cat-tech/" class="focus-visible:outline-primary text-muted hover:text-default group flex items-center gap-3 text-base font-medium transition-all"><span class="iconify i-lucide:arrow-right text-dimmed size-4 transition-all group-hover:translate-x-1" aria-hidden="true"></span><span>Tech</span>
            <hr class="min-w-2 flex-1 border-(--ui-border)">
          </a></div>
      </div>
    </section>
  </main>
</div>"
`;
