// Vitest Snapshot v1, https://vitest.dev/guide/snapshot.html

exports[`SPageToolConvertJsonToCsv Snapshot > renders the default snapshot correctly 1`] = `
<div class="container">
  <div class="
    md:px-8
    md:py-20
    px-4
    py-10
    sm:px-6
    sm:py-16
  ">
    <section class="py-20">
      <h1 class="md:text-center">
        JSON to CSV Converter
      </h1>
      <p class="
        md:text-center
        sm:text-md
        text-base
        text-left
      ">
        Convert JSON to CSV format (comma separated list).
      </p>
    </section>
    <!-- in box -->
    <div class="
      flex
      gap-8
      justify-around
    ">
      <div class="
        inline-flex
        items-center
        mb-10
        relative
        w-full
      ">
        <textarea
          class="
            bg-default
            border-0
            disabled:cursor-not-allowed
            disabled:opacity-75
            focus-visible:ring-2
            focus-visible:ring-inset
            focus-visible:ring-primary
            focus:outline-none
            gap-1.5
            placeholder:text-dimmed
            px-2.5
            py-1.5
            ring
            ring-accented
            ring-inset
            rounded-md
            text-highlighted
            text-sm
            transition-colors
            w-full
          "
          placeholder="Paste your content here"
          rows="15"
          value=""
        ></textarea>
        <!-- v-if -->
        <!-- v-if -->
      </div>
      <!-- out box -->
      <div class="
        inline-flex
        items-center
        mb-10
        relative
        w-full
      ">
        <textarea
          class="
            bg-default
            border-0
            disabled:cursor-not-allowed
            disabled:opacity-75
            focus-visible:ring-2
            focus-visible:ring-inset
            focus-visible:ring-primary
            focus:outline-none
            gap-1.5
            placeholder:text-dimmed
            px-2.5
            py-1.5
            ring
            ring-accented
            ring-inset
            rounded-md
            text-highlighted
            text-sm
            transition-colors
            w-full
          "
          rows="15"
          value=""
        ></textarea>
        <!-- v-if -->
        <!-- v-if -->
      </div>
    </div>
    <!-- button -->
    <button
      class="
        aria-disabled:bg-primary
        aria-disabled:cursor-not-allowed
        aria-disabled:opacity-75
        bg-primary
        disabled:bg-primary
        disabled:cursor-not-allowed
        disabled:opacity-75
        focus-visible:outline-2
        focus-visible:outline-offset-2
        focus-visible:outline-primary
        font-medium
        gap-1.5
        hover:bg-primary/75
        inline-flex
        items-center
        px-2.5
        py-1.5
        rounded-md
        text-inverted
        text-sm
        transition-colors
      "
      type="button"
    >
      <!-- v-if -->
      Submit
      <!-- v-if -->
    </button>
  </div>
</div>
`;
